Archive member included because of file (symbol)

board/EmbedSky/libEmbedSky.a(lowlevel_init.o)
                              cpu/arm920t/start.o (lowlevel_init)
cpu/arm920t/libarm920t.a(interrupts.o)
                              cpu/arm920t/start.o (do_undefined_instruction)
cpu/arm920t/s3c24x0/libs3c24x0.a(interrupts.o)
                              cpu/arm920t/libarm920t.a(interrupts.o) (reset_cpu)
cpu/arm920t/s3c24x0/libs3c24x0.a(speed.o)
                              cpu/arm920t/s3c24x0/libs3c24x0.a(interrupts.o) (get_PCLK)
lib_arm/libarm.a(_udivsi3.o)  cpu/arm920t/s3c24x0/libs3c24x0.a(interrupts.o) (__udivsi3)
lib_arm/libarm.a(board.o)     cpu/arm920t/s3c24x0/libs3c24x0.a(speed.o) (hang)
lib_arm/libarm.a(boot_zImage.o)
                              (__u_boot_cmd_boot_noos)
lib_arm/libarm.a(div0.o)      lib_arm/libarm.a(_udivsi3.o) (__div0)
net/libnet.a(net.o)           lib_arm/libarm.a(board.o) (copy_filename)
net/libnet.a(tftp.o)          net/libnet.a(net.o) (TftpStart)
net/libnet.a(bootp.o)         net/libnet.a(net.o) (BootpRequest)
net/libnet.a(rarp.o)          net/libnet.a(net.o) (RarpRequest)
net/libnet.a(eth.o)           lib_arm/libarm.a(board.o) (eth_initialize)
drivers/libdrivers.a(dm9000x.o)
                              net/libnet.a(net.o) (eth_init)
drivers/nand/libnand.a(nand.o)
                              lib_arm/libarm.a(board.o) (nand_init)
drivers/nand/libnand.a(nand_base.o)
                              drivers/nand/libnand.a(nand.o) (nand_scan)
drivers/nand/libnand.a(nand_ids.o)
                              drivers/nand/libnand.a(nand_base.o) (nand_manuf_ids)
drivers/nand/libnand.a(nand_ecc.o)
                              drivers/nand/libnand.a(nand_base.o) (nand_calculate_ecc)
drivers/nand/libnand.a(nand_bbt.o)
                              drivers/nand/libnand.a(nand_base.o) (nand_update_bbt)
drivers/lcd/liblcd.a(embedsky_lcd.o)
                              lib_arm/libarm.a(boot_zImage.o) (nand_read_ll_lcd)
modules/usb.module(usbmain.o)
                              cpu/arm920t/s3c24x0/libs3c24x0.a(interrupts.o) (IsrUsbd)
modules/usb.module(usbout.o)  modules/usb.module(usbmain.o) (Ep3Handler)
modules/usb.module(usbsetup.o)
                              modules/usb.module(usbmain.o) (Ep0Handler)
modules/usb.module(usbinit.o)
                              modules/usb.module(usbout.o) (download_run)
modules/usb.module(usbin.o)   modules/usb.module(usbmain.o) (PrepareEp1Fifo)
modules/usb.module(usblib.o)  modules/usb.module(usbmain.o) (ReconfigUsbd)
modules/wince.module(wince_cmds.o)
                              (__u_boot_cmd_wince)
modules/wince.module(ebootloader.o)
                              modules/wince.module(wince_cmds.o) (TOC_Read)
modules/wince.module(extract_wince_image.o)
                              modules/wince.module(wince_cmds.o) (GetLauchAddrFrmRam)
common/libcommon.a(main.o)    lib_arm/libarm.a(boot_zImage.o) (run_command)
common/libcommon.a(cmd_autoscript.o)
                              (__u_boot_cmd_autoscr)
common/libcommon.a(cmd_bdinfo.o)
                              (__u_boot_cmd_bdinfo)
common/libcommon.a(cmd_boot.o)
                              (__u_boot_cmd_reset)
common/libcommon.a(cmd_bootm.o)
                              (__u_boot_cmd_iminfo)
common/libcommon.a(cmd_cache.o)
                              (__u_boot_cmd_dcache)
common/libcommon.a(cmd_console.o)
                              (__u_boot_cmd_coninfo)
common/libcommon.a(cmd_date.o)
                              (__u_boot_cmd_date)
common/libcommon.a(cmd_elf.o)
                              (__u_boot_cmd_bootvx)
common/libcommon.a(cmd_flash.o)
                              (__u_boot_cmd_protect)
common/libcommon.a(cmd_itest.o)
                              (__u_boot_cmd_itest)
common/libcommon.a(cmd_jffs2.o)
                              (__u_boot_cmd_mtdparts)
common/libcommon.a(cmd_load.o)
                              (__u_boot_cmd_loady)
common/libcommon.a(cmd_mem.o)
                              (__u_boot_cmd_mtest)
common/libcommon.a(cmd_misc.o)
                              (__u_boot_cmd_sleep)
common/libcommon.a(cmd_nand.o)
                              (__u_boot_cmd_nboot)
common/libcommon.a(cmd_net.o)
                              (__u_boot_cmd_ping)
common/libcommon.a(cmd_nvedit.o)
                              (__u_boot_cmd_run)
common/libcommon.a(cmd_usbslave.o)
                              (__u_boot_cmd_usbslave)
common/libcommon.a(cmd_menu.o)
                              (__u_boot_cmd_menu)
common/libcommon.a(command.o)
                              (__u_boot_cmd_question_mark)
common/libcommon.a(console.o)
                              cpu/arm920t/libarm920t.a(interrupts.o) (printf)
common/libcommon.a(devices.o)
                              common/libcommon.a(cmd_console.o) (stdio_names)
common/libcommon.a(dlmalloc.o)
                              drivers/nand/libnand.a(nand_base.o) (free)
common/libcommon.a(env_common.o)
[...]
Memory Configuration

Name             Origin             Length             Attributes
*default*        0x00000000         0xffffffff

Linker script and memory map

                0x00000000                . = 0x0
                0x00000000                . = ALIGN (0x4)

.text           0x33d80000    0x24dc4
 cpu/arm920t/start.o(.text)
 .text          0x33d80000      0x480 cpu/arm920t/start.o
                0x33d80000                _start
                0x33d80320                Launch
                0x33d80044                _armboot_start
                0x33d80048                _bss_start
                0x33d80054                FREE_RAM_SIZE
                0x33d80050                FREE_RAM_END
                0x33d80058                IRQ_STACK_START
                0x33d8004c                _bss_end
                0x33d8005c                FIQ_STACK_START
 modules/nand_read.module(.text)
 .text          0x33d80480      0x498 modules/nand_read.module
                0x33d80520                nand_init_ll
                0x33d807c0                CopyCode2Ram
                0x33d80550                NF_ReadID
                0x33d80794                bBootFrmNORFlash
                0x33d80854                clock_init
                0x33d805b8                nand_read_ll
                0x33d80688                nand_read_ll_lp
 *(.text)
 .text          0x33d80918       0x64 board/EmbedSky/libEmbedSky.a(lowlevel_init.o)
                0x33d8091c                lowlevel_init
 .text          0x33d8097c      0x280 cpu/arm920t/libarm920t.a(interrupts.o)
                0x33d80bd8                do_irq
                0x33d80b00                do_undefined_instruction
                0x33d80bb4                do_fiq
                0x33d809a8                bad_mode
                0x33d8097c                enable_interrupts
                0x33d809c4                show_regs
                0x33d8098c                disable_interrupts
                0x33d80b48                do_prefetch_abort
                0x33d80b24                do_software_interrupt
                0x33d80b6c                do_data_abort
                0x33d80b90                do_not_used
 .text          0x33d80bfc      0x50c cpu/arm920t/s3c24x0/libs3c24x0.a(interrupts.o)
                0x33d80d9c                udelay_masked
                0x33d80c7c                reset_timer_masked
                0x33d81024                Isr_Init
                0x33d810b8                IRQ_Handle
                0x33d80e38                reset_cpu
                0x33d80e2c                get_tbclk
                0x33d80ec8                Timer_StartEx
                0x33d80e18                get_ticks
                0x33d80fa4                IsrWatchdog
                0x33d80f24                Timer_StopEx
                0x33d80bfc                interrupt_init
                0x33d80e58                ClearPending
                0x33d80cac                reset_timer
                0x33d80d40                udelay
                0x33d80d30                set_timer
                0x33d80cb0                get_timer_masked
                0x33d80e74                Timer_InitEx
                0x33d80fdc                IsrTimer4
                0x33d80d1c                get_timer
                0x33d80ffc                Dummy_isr
 .text          0x33d81108      0x20c cpu/arm920t/s3c24x0/libs3c24x0.a(speed.o)
                0x33d81258                get_PCLK
                0x33d8130c                get_UCLK
                0x33d811ac                get_HCLK
                0x33d811a4                get_FCLK
 .text          0x33d81314       0x98 lib_arm/libarm.a(_udivsi3.o)
                0x33d81314                __udivsi3
 .text          0x33d813ac      0x29c lib_arm/libarm.a(board.o)
                0x33d813ac                sbrk
                0x33d81468                start_armboot
                0x33d81458                hang
 .text          0x33d81648      0x2b4 lib_arm/libarm.a(boot_zImage.o)
                0x33d81840                boot_noos
                0x33d81684                call_linux
                0x33d81828                do_boot_zImage
                0x33d816e4                boot_zImage
                0x33d818e4                do_boot_noos
                0x33d81674                tlb_invalidate
                0x33d81648                cache_clean_invalidate
 .text          0x33d818fc        0x4 lib_arm/libarm.a(div0.o)
                0x33d818fc                __div0
 .text          0x33d81900     0x1628 net/libnet.a(net.o)
                0x33d82a20                getenv_VLAN
                0x33d81b54                NetSetHandler
                0x33d81c70                NetCksum
                0x33d81f64                PingSend
                0x33d8296c                VLAN_to_string
                0x33d82288                NetReceive
                0x33d81dfc                NetSendUDPPacket
                0x33d81cbc                NetSetIP
                0x33d821b8                copy_filename
                0x33d81900                NetSetEther
                0x33d819c0                ArpRequest
                0x33d82a38                NetLoop
                0x33d81be4                ArpTimeoutCheck
                0x33d81c6c                NetSendPacket
                0x33d82264                print_IPaddr
                0x33d829c8                string_to_VLAN
                0x33d82150                NetCksumOk
                0x33d8220c                ip_to_string
                0x33d828dc                string_to_ip
                0x33d82174                NetEthHdrSize
                0x33d81b64                NetStartAgain
                0x33d8295c                getenv_IPaddr
                0x33d81b18                NetSetTimeout
 .text          0x33d82f28      0x75c net/libnet.a(tftp.o)
                0x33d83450                TftpStart
 .text          0x33d83684      0xa24 net/libnet.a(bootp.o)
                0x33d838e4                BootpRequest
                0x33d840a4                DhcpRequest
 .text          0x33d840a8      0x184 net/libnet.a(rarp.o)
                0x33d840e4                RarpRequest
 .text          0x33d8422c        0x8 net/libnet.a(eth.o)
                0x33d8422c                eth_initialize
 .text          0x33d84234      0x768 drivers/libdrivers.a(dm9000x.o)
                0x33d84334                eth_init
                0x33d8475c                eth_send
                0x33d84834                eth_halt
                0x33d8486c                eth_rx
 .text          0x33d8499c       0x7c drivers/nand/libnand.a(nand.o)
                0x33d8499c                nand_init
 .text          0x33d84a18     0x2d2c drivers/nand/libnand.a(nand_base.o)
                0x33d866c8                nand_write_calmecc
                0x33d86cf4                nand_scan
                0x33d85df4                nand_read_raw
                0x33d87708                nand_release
                0x33d86a64                nand_erase_nand
 .text          0x33d87744      0x298 drivers/nand/libnand.a(nand_ecc.o)
                0x33d87744                nand_calculate_ecc
                0x33d87858                nand_correct_data
 .text          0x33d879dc     0x15ec drivers/nand/libnand.a(nand_bbt.o)
                0x33d88f60                nand_isbad_bbt
                0x33d88e8c                nand_default_bbt
                0x33d88a34                nand_scan_bbt
                0x33d88740                nand_update_bbt
 .text          0x33d88fc8      0x8e4 drivers/lcd/liblcd.a(embedsky_lcd.o)
                0x33d88fc8                embedsky_lcd_ClearScr
                0x33d89268                embedsky_lcd_PowerEnable
                0x33d895c4                embedsky_user_logo
                0x33d8954c                embedsky_tq_logo
                0x33d89014                embedsky_lcd_ClearScr_Rectangle
                0x33d8910c                putPixel
                0x33d89130                drawProcessBar
                0x33d896b0                nand_read_ll_lcd
                0x33d89080                embedsky_paint_Bmp
                0x33d89798                nand_read_ll_lp_lcd
                0x33d892b8                embedsky_lcd_EnvidOnOff
                0x33d892dc                embedsky_lcd_Init
 .text          0x33d898ac      0x11c modules/usb.module(usbmain.o)
                0x33d89994                _WrDbgStrFifo
                0x33d898ac                UsbdMain
                0x33d898c0                DbgPrintf
                0x33d898cc                IsrUsbd
 .text          0x33d899c8      0x3c4 modules/usb.module(usbout.o)
                0x33d89bc8                IsrDma2
                0x33d89d64                ClearEp3OutPktReady
                0x33d89a18                Ep3Handler
 .text          0x33d89d8c      0xc58 modules/usb.module(usbsetup.o)
                0x33d89dd0                Ep0Handler
                0x33d89d8c                PrintEp0Pkt
                0x33d8a898                InitDescriptorTable
 .text          0x33d8a9e4      0x6c8 modules/usb.module(usbinit.o)
                0x33d8ab8c                Clk1_Disable
                0x33d8b030                HaltDabort
                0x33d8b078                Clk1_Enable
                0x33d8ab70                Clk0_Disable
                0x33d8a9e4                awaitkey
                0x33d8aff4                HaltUndef
                0x33d8b01c                HaltPabort
                0x33d8aa54                Port_Init
                0x33d8aba8                usb_init
                0x33d8b008                HaltSwi
                0x33d8b044                Clk0_Enable
                0x33d8ad2c                usb_receive
 .text          0x33d8b0ac      0x120 modules/usb.module(usbin.o)
                0x33d8b118                Ep1Handler
                0x33d8b0ac                PrepareEp1Fifo
 .text          0x33d8b1cc      0x3f4 modules/usb.module(usblib.o)
                0x33d8b1cc                ReconfigUsbd
                0x33d8b560                ConfigEp3IntMode
                0x33d8b3d8                WrPktEp2
                0x33d8b348                RdPktEp0
                0x33d8b438                RdPktEp4
                0x33d8b324                ConfigUsbd
                0x33d8b3a8                WrPktEp1
                0x33d8b468                ConfigEp3DmaMode
                0x33d8b378                WrPktEp0
                0x33d8b408                RdPktEp3
 .text          0x33d8b5c0      0x92c modules/wince.module(wince_cmds.o)
                0x33d8b868                MarkReservedBlocksUnused
                0x33d8b9cc                download_nkbin_to_flash
                0x33d8bae0                Load_nknb0_to_flash
                0x33d8b5c0                Wince_Port_Init
                0x33d8b7a4                do_wince
                0x33d8b728                do_eboot
                0x33d8b6bc                ClearFreeMem
 .text          0x33d8beec      0x9a0 modules/wince.module(ebootloader.o)
                0x33d8c044                TOC_Write
                0x33d8c30c                ID_Print
                0x33d8c4e8                ReadImageFromNand
                0x33d8beec                TOC_Read
                0x33d8bfb8                TOC_Erase
                0x33d8c16c                TOC_Init
                0x33d8c42c                TOC_Print
 .text          0x33d8c88c      0x8d0 modules/wince.module(extract_wince_image.o)
                0x33d8c88c                GetLauchAddrFrmRam
                0x33d8cc68                ExtractImgFrmUSBBuf
                0x33d8cb80                OEMMultiBINNotify
                0x33d8ca34                OEMMapMemAddr
                0x33d8ca90                OEMVerifyMemory
                0x33d8c8d0                OEMReadData
 .text          0x33d8d15c      0x8f8 common/libcommon.a(main.o)
                0x33d8d414                run_command
                0x33d8d9d8                do_run
                0x33d8d238                readline
                0x33d8d864                main_loop
 .text          0x33d8da54      0x260 common/libcommon.a(cmd_autoscript.o)
                0x33d8da54                autoscript
                0x33d8dc74                do_autoscript
 .text          0x33d8dcb4       0xe4 common/libcommon.a(cmd_bdinfo.o)
                0x33d8dcc8                do_bdinfo
 .text          0x33d8dd98       0x88 common/libcommon.a(cmd_boot.o)
                0x33d8dd98                do_go
 .text          0x33d8de20      0xe78 common/libcommon.a(cmd_bootm.o)
                0x33d8e3dc                do_iminfo
                0x33d8e5b4                do_bootm
                0x33d8de20                do_bootd
                0x33d8e458                gunzip
                0x33d8de44                print_image_hdr
 .text          0x33d8ec98      0x154 common/libcommon.a(cmd_cache.o)
                0x33d8ed64                do_icache
                0x33d8ecdc                do_dcache
 .text          0x33d8edec       0xd8 common/libcommon.a(cmd_console.o)
                0x33d8edec                do_coninfo
 .text          0x33d8eec4      0x33c common/libcommon.a(cmd_date.o)
                0x33d8f0f4                do_date
                0x33d8ef0c                mk_date
 .text          0x33d8f200      0x394 common/libcommon.a(cmd_elf.o)
                0x33d8f370                do_bootvx
                0x33d8f4ec                do_bootelf
                0x33d8f254                load_elf_image
                0x33d8f200                valid_elf_image
 .text          0x33d8f594      0xd50 common/libcommon.a(cmd_flash.o)
                0x33d8fb00                flash_sect_erase
                0x33d8ff44                do_protect
                0x33d8fa64                do_flinfo
                0x33d8fbe4                do_flerase
                0x33d8fe54                flash_sect_protect
 .text          0x33d902e4      0x2f0 common/libcommon.a(cmd_itest.o)
                0x33d9034c                binary_test
                0x33d90528                do_itest
 .text          0x33d905d4     0x21fc common/libcommon.a(cmd_jffs2.o)
                0x33d916c0                find_dev_and_part
                0x33d91ed0                do_jffs2_fsload
                0x33d91864                mtdparts_init
                0x33d920dc                do_jffs2_fsinfo
                0x33d9205c                do_jffs2_ls
                0x33d9131c                id_parse
                0x33d92234                do_jffs2_mtdparts
                0x33d92170                do_jffs2_chpart
 .text          0x33d927d0      0xf6c common/libcommon.a(cmd_load.o)
                0x33d92ac4                send_pad
                0x33d92dbc                k_data_char
                0x33d92ccc                k_data_init
                0x33d92bec                send_nack
                0x33d93064                do_load_serial_bin
                0x33d92d58                k_data_restore
                0x33d92cf4                k_data_save
                0x33d92b00                ktrans
                0x33d927d0                do_load_serial
                0x33d92b2c                chk1
                0x33d92b88                send_ack
                0x33d92e30                handle_send_packet
                0x33d92b5c                s1_sendpacket
 .text          0x33d9373c      0xb28 common/libcommon.a(cmd_mem.o)
                0x33d93a90                do_mem_cmp
                0x33d93c4c                do_mem_cp
                0x33d937b0                do_mem_md
                0x33d941ac                do_mem_crc
                0x33d94184                do_mem_mm
                0x33d93d80                do_mem_base
                0x33d9415c                do_mem_nm
                0x33d939c4                do_mem_mw
                0x33d93dc4                do_mem_loop
                0x33d9373c                cmd_get_data_size
                0x33d93ec8                do_mem_mtest
 .text          0x33d94264       0x9c common/libcommon.a(cmd_misc.o)
                0x33d94264                do_sleep
 .text          0x33d94300     0x131c common/libcommon.a(cmd_nand.o)
                0x33d9453c                do_nand
                0x33d953f8                do_nandboot
 .text          0x33d9561c      0x388 common/libcommon.a(cmd_net.o)
                0x33d958e8                do_rarpb
                0x33d95900                do_bootp
                0x33d9590c                do_ping
                0x33d958f4                do_tftpb
                0x33d958dc                do_dhcp
 .text          0x33d959a4      0x8b8 common/libcommon.a(cmd_nvedit.o)
                0x33d960f0                getenv
                0x33d96078                setenv
                0x33d95bd4                _do_setenv
                0x33d95a18                do_printenv
                0x33d960b0                do_setenv
                0x33d96230                do_saveenv
                0x33d9616c                getenv_r
 .text          0x33d9625c      0x1d4 common/libcommon.a(cmd_usbslave.o)
                0x33d9625c                do_usbslave
 .text          0x33d96430      0xa5c common/libcommon.a(cmd_menu.o)
                0x33d968fc                lcd_menu_usage
                0x33d964a4                param_menu_shell
                0x33d96c40                menu_shell
                0x33d96b54                main_menu_usage
                0x33d96728                erase_menu_usage
                0x33d9676c                erase_menu_shell
                0x33d96988                lcd_menu_shell
                0x33d96430                param_menu_usage
                0x33d96e7c                do_menu
 .text          0x33d96e8c      0x308 common/libcommon.a(command.o)
                0x33d96f2c                find_cmd
                0x33d96eac                do_echo
                0x33d96e8c                do_version
                0x33d96fd4                do_help
 .text          0x33d97194      0x4d0 common/libcommon.a(console.o)
                0x33d97568                console_init_f
                0x33d9723c                serial_printf
                0x33d974a8                had_ctrlc
                0x33d97438                ctrlc
                0x33d97578                console_init_r
                0x33d974b8                clear_ctrlc
                0x33d97274                fgetc
                0x33d9740c                vprintf
                0x33d972c4                fputc
                0x33d97490                disable_ctrlc
                0x33d972f4                fputs
                0x33d97320                fprintf
                0x33d974cc                dbg
                0x33d974d8                console_assign
                0x33d97378                tstc
                0x33d97360                getc
                0x33d973d4                printf
                0x33d973b8                puts
                0x33d97390                putc
                0x33d9729c                ftstc
 .text          0x33d97664       0xf0 common/libcommon.a(devices.o)
                0x33d97664                device_register
                0x33d97688                devices_init
                0x33d97738                devices_done
 .text          0x33d97754     0x108c common/libcommon.a(dlmalloc.o)
                0x33d98728                malloc_usable_size
                0x33d97788                malloc_trim
                0x33d98654                calloc
                0x33d980b8                realloc
                0x33d97a74                malloc
                0x33d97754                malloc_bin_reloc
                0x33d98520                memalign
                0x33d98768                mallopt
                0x33d98724                cfree
                0x33d9863c                pvalloc
                0x33d97860                free
                0x33d98630                valloc
 .text          0x33d987e0      0x124 common/libcommon.a(env_common.o)
                0x33d98834                env_get_char_memory
                0x33d98874                env_relocate
                0x33d98854                env_get_addr
                0x33d987e0                env_crc_update
 .text          0x33d98904      0x204 common/libcommon.a(env_nand.o)
                0x33d9892c                saveenv
                0x33d98a80                env_relocate_spec
                0x33d98904                env_get_char_spec
                0x33d98910                env_init
 .text          0x33d98b08       0xc0 common/libcommon.a(exports.o)
                0x33d98b14                jumptable_init
                0x33d98b0c                get_version
 .text          0x33d98bc8      0x3b8 common/libcommon.a(flash.o)
                0x33d98ea0                flash_perror
                0x33d98cd0                addr2info
                0x33d98bc8                flash_protect
                0x33d98d18                flash_write
 .text          0x33d98f80      0x3c8 common/libcommon.a(lists.o)
                0x33d990d8                ListSetAllocationPolicy
                0x33d990f0                ListInsertItems
                0x33d98fe0                DisposeHandle
                0x33d99008                SetHandleSize
                0x33d99324                ListGetDataPtr
                0x33d992ac                ListGetItems
                0x33d99330                ListGetItemSize
                0x33d99078                ListCreate
                0x33d992f4                ListGetPtrToItem
                0x33d990ec                ListDispose
                0x33d9933c                ListNumItems
                0x33d992a4                ListInsertItem
                0x33d99000                GetHandleSize
                0x33d98f80                NewHandle
 .text          0x33d99348      0x2f8 common/libcommon.a(s_record.o)
                0x33d993bc                srec_decode
 .text          0x33d99640      0xa98 common/libcommon.a(xyzModem.o)
                0x33d9a03c                xyzModem_error
                0x33d996a8                parse_num
                0x33d99c64                xyzModem_stream_read
                0x33d99af0                xyzModem_stream_open
                0x33d99640                CYGACC_COMM_IF_GETC_TIMEOUT
                0x33d9969c                CYGACC_COMM_IF_PUTC
                0x33d99f64                xyzModem_stream_terminate
                0x33d99f0c                xyzModem_stream_close
 .text          0x33d9a0d8      0x208 common/libcommon.a(bmp2rgb.module)
                0x33d9a0d8                bmp2rgb
 .text          0x33d9a2e0       0x4c common/libcommon.a(crc16.o)
                0x33d9a2e0                cyg_crc16
 .text          0x33d9a32c      0x1f0 lib_generic/libgeneric.a(crc32.o)
                0x33d9a428                crc32_no_comp
                0x33d9a32c                crc32
 .text          0x33d9a51c       0xb4 lib_generic/libgeneric.a(display_options.o)
                0x33d9a53c                print_size
                0x33d9a51c                display_options
 .text          0x33d9a5d0      0x5a0 lib_generic/libgeneric.a(string.o)
                0x33d9a9f8                memcpy
                0x33d9a9cc                bcopy
                0x33d9a7f0                strspn
                0x33d9a610                strcat
                0x33d9a748                strrchr
                0x33d9a6ac                strncmp
                0x33d9a724                strlen
                0x33d9aa20                memmove
                0x33d9a914                strsep
                0x33d9a63c                strncat
                0x33d9a890                strtok
                0x33d9a5ec                strncpy
                0x33d9a9a8                memset
                0x33d9aa80                memcmp
                0x33d9a780                strnlen
                0x33d9ab40                memchr
                0x33d9aad8                strstr
                0x33d9a67c                strcmp
                0x33d9a94c                strswab
                0x33d9a850                strpbrk
                0x33d9a6f4                strchr
                0x33d9aab4                memscan
                0x33d9a7b8                strdup
                0x33d9a5d0                strcpy
 .text          0x33d9ab70      0x800 lib_generic/libgeneric.a(vsprintf.o)
                0x33d9b2ac                printk
                0x33d9ac24                simple_strtol
                0x33d9aec4                vsprintf
                0x33d9b308                sprintf
                0x33d9ab70                simple_strtoul
                0x33d9b328                panic
 .text          0x33d9b370     0x2be8 lib_generic/libgeneric.a(zlib.o)
                0x33d9b540                inflateReset
                0x33d9b4a0                inflateEnd
                0x33d9b814                inflateInit
                0x33d9c13c                inflate
                0x33d9b86c                inflateIncomp
                0x33d9b5a8                inflateSync
                0x33d9b6b4                inflateInit2
                0x33d9dde4                adler32
 .text          0x33d9df58      0x12c board/EmbedSky/libEmbedSky.a(EmbedSky.o)
                0x33d9e064                dram_init
                0x33d9df58                board_init
 .text          0x33d9e084      0x71c board/EmbedSky/libEmbedSky.a(flash.o)
                0x33d9e084                flash_init
                0x33d9e614                write_buff
                0x33d9e2f0                flash_erase
                0x33d9e1dc                flash_print_info
 .text          0x33d9e7a0      0x168 cpu/arm920t/libarm920t.a(cpu.o)
                0x33d9e8a8                icache_status
                0x33d9e870                icache_enable
                0x33d9e88c                icache_disable
                0x33d9e8bc                dcache_enable
                0x33d9e830                cleanup_before_linux
                0x33d9e858                do_reset
                0x33d9e7d8                cpu_init
                0x33d9e8d8                dcache_disable
                0x33d9e8f4                dcache_status
 .text          0x33d9e908      0x178 cpu/arm920t/s3c24x0/libs3c24x0.a(serial.o)
                0x33d9ea70                awaitkey2
                0x33d9e9ac                serial_tstc
                0x33d9e9bc                serial_puts
                0x33d9e9e4                do_getc
                0x33d9e95c                serial_init
                0x33d9e984                serial_putc
                0x33d9e96c                serial_getc
                0x33d9e908                serial_setbrg
 .text          0x33d9ea80      0x1ec cpu/arm920t/s3c24x0/libs3c24x0.a(nand_flash.o)
                0x33d9eba8                board_nand_init
 .text          0x33d9ec6c       0x1c lib_arm/libarm.a(_ashldi3.o)
                0x33d9ec6c                __ashldi3
 .text          0x33d9ec88       0x1c lib_arm/libarm.a(_ashrdi3.o)
                0x33d9ec88                __ashrdi3
 *fill*         0x33d9eca4       0x1c 00
 .text          0x33d9ecc0      0x140 lib_arm/libarm.a(_divsi3.o)
                0x33d9ecc0                __divsi3
 .text          0x33d9ee00      0x100 lib_arm/libarm.a(_modsi3.o)
                0x33d9ee00                __modsi3
 .text          0x33d9ef00       0xb4 lib_arm/libarm.a(_umodsi3.o)
                0x33d9ef00                __umodsi3
 .text          0x33d9efb4      0x3b8 lib_arm/libarm.a(armlinux.o)
                0x33d9efb4                do_bootm_linux
 .text          0x33d9f36c        0x4 lib_arm/libarm.a(cache.o)
                0x33d9f36c                flush_cache
 .text          0x33d9f370      0x7d8 fs/cramfs/libcramfs.a(cramfs.o)
                0x33d9f8ac                cramfs_ls
                0x33d9fadc                cramfs_check
                0x33d9f678                cramfs_load
                0x33d9fa14                cramfs_info
 .text          0x33d9fb48       0xdc fs/cramfs/libcramfs.a(uncompress.o)
                0x33d9fc0c                cramfs_uncompress_exit
                0x33d9fb60                cramfs_uncompress_block
                0x33d9fbac                cramfs_uncompress_init
 .text          0x33d9fc24     0x1f64 fs/jffs2/libjffs2.a(jffs2_1pass.o)
                0x33da0728                jffs2_1pass_rescan_needed
                0x33da15f0                jffs2_1pass_load
                0x33da04c0                mkmodestr
                0x33d9ff6c                jffs2_free_cache
                0x33da0d4c                jffs2_1pass_ls
                0x33da19e0                jffs2_1pass_info
 .text          0x33da1b88       0xd0 fs/jffs2/libjffs2.a(compr_rtime.o)
                0x33da1b88                rtime_decompress
 .text          0x33da1c58      0x128 fs/jffs2/libjffs2.a(compr_rubin.o)
                0x33da1c58                rubin_do_decompress
                0x33da1d38                dynrubin_decompress
 .text          0x33da1d80       0x18 fs/jffs2/libjffs2.a(compr_zlib.o)
                0x33da1d80                zlib_decompress
 .text          0x33da1d98      0xdd0 fs/jffs2/libjffs2.a(mini_inflate.o)
                0x33da2278                decompress_block
                0x33da1d98                cramfs_memset
                0x33da1e14                pull_bit
                0x33da1dac                pull_bits
 .text          0x33da2b68      0x2b8 rtc/librtc.a(date.o)
                0x33da2b68                GregorianDay
                0x33da2d80                mktime
                0x33da2c58                to_tm
 .text          0x33da2e20      0x214 rtc/librtc.a(s3c24x0_rtc.o)
                0x33da2f58                rtc_set
                0x33da2e6c                rtc_get
                0x33da3010                rtc_reset
 .text          0x33da3034      0xec4 drivers/nand/libnand.a(nand_util.o)
                0x33da38ec                nand_read_opts
                0x33da3dc8                nand_unlock
                0x33da3d3c                nand_get_lock_status
                0x33da303c                nand_erase_opts
                0x33da33cc                nand_write_opts
                0x33da3cc8                nand_lock
 .text          0x33da3ef8      0x388 /opt/Boardcon/crosstools_3.4.5_softfloat/gcc-3.4.5-glibc-2.3.6/arm-linux/bin/../lib/gcc/arm-linux/3.4.5/libgcc.a(_addsubdf3.oS)
                0x33da4208                __floatsidf
                0x33da41e0                __floatunsidf
                0x33da3ef8                __subdf3
                0x33da3efc                __adddf3
                0x33da4234                __extendsfdf2
 .text          0x33da4280      0x580 /opt/Boardcon/crosstools_3.4.5_softfloat/gcc-3.4.5-glibc-2.3.6/arm-linux/bin/../lib/gcc/arm-linux/3.4.5/libgcc.a(_muldivdf3.oS)
                0x33da4280                __muldf3
                0x33da4594                __divdf3
 .text          0x33da4800       0x80 /opt/Boardcon/crosstools_3.4.5_softfloat/gcc-3.4.5-glibc-2.3.6/arm-linux/bin/../lib/gcc/arm-linux/3.4.5/libgcc.a(_fixdfsi.oS)
                0x33da4800                __fixdfsi
 .text          0x33da4880      0x544 /opt/Boardcon/crosstools_3.4.5_softfloat/gcc-3.4.5-glibc-2.3.6/arm-linux/bin/../lib/gcc/arm-linux/3.4.5/libgcc.a(_udivdi3.oS)
                0x33da4880                __udivdi3

.glue_7         0x33da4dc4        0x0

.glue_7t        0x33da4dc4        0x0
                0x33da4dc4                . = ALIGN (0x4)

.rodata         0x33da4dc4      0xa80
 *(.rodata)
 .rodata        0x33da4dc4       0x80 cpu/arm920t/libarm920t.a(interrupts.o)
 .rodata        0x33da4e44       0x38 lib_arm/libarm.a(board.o)
                0x33da4e44                version_string
 .rodata        0x33da4e7c        0x8 net/libnet.a(net.o)
 .rodata        0x33da4e84        0x8 drivers/nand/libnand.a(nand.o)
 .rodata        0x33da4e8c       0x14 drivers/nand/libnand.a(nand_base.o)
 .rodata        0x33da4ea0      0x100 drivers/nand/libnand.a(nand_ecc.o)
 .rodata        0x33da4fa0       0x46 modules/usb.module(usbsetup.o)
 *fill*         0x33da4fe6        0x2 00
 .rodata        0x33da4fe8       0x30 modules/wince.module(wince_cmds.o)
 .rodata        0x33da5018       0x14 modules/wince.module(ebootloader.o)
 .rodata        0x33da502c       0x14 common/libcommon.a(cmd_nvedit.o)
 .rodata        0x33da5040      0x200 common/libcommon.a(crc16.o)
 .rodata        0x33da5240      0x400 lib_generic/libgeneric.a(crc32.o)
 .rodata        0x33da5640       0x30 cpu/arm920t/s3c24x0/libs3c24x0.a(nand_flash.o)
 .rodata        0x33da5670       0xa4 fs/jffs2/libjffs2.a(jffs2_1pass.o)
 .rodata        0x33da5714       0x30 rtc/librtc.a(date.o)
 .rodata        0x33da5744      0x100 /opt/Boardcon/crosstools_3.4.5_softfloat/gcc-3.4.5-glibc-2.3.6/arm-linux/bin/../lib/gcc/arm-linux/3.4.5/libgcc.a(_clz.oS)
                0x33da5744                __clz_tab

.rodata.str1.4  0x33da5844     0x8f4f
 .rodata.str1.4
                0x33da5844      0x293 cpu/arm920t/libarm920t.a(interrupts.o)
                                0x29c (size before relaxing)
 *fill*         0x33da5ad7        0x1 00
 .rodata.str1.4
                0x33da5ad8       0x36 cpu/arm920t/s3c24x0/libs3c24x0.a(interrupts.o)
                                 0x38 (size before relaxing)
 *fill*         0x33da5b0e        0x2 00
 .rodata.str1.4
                0x33da5b10       0x5d lib_arm/libarm.a(board.o)
                                 0x60 (size before relaxing)
 *fill*         0x33da5b6d        0x3 00
 .rodata.str1.4
                0x33da5b70      0x216 lib_arm/libarm.a(boot_zImage.o)
                                0x220 (size before relaxing)
 *fill*         0x33da5d86        0x2 00
 .rodata.str1.4
                0x33da5d88      0x1f9 net/libnet.a(net.o)
                                0x1fc (size before relaxing)
 *fill*         0x33da5f81        0x3 00
 .rodata.str1.4
                0x33da5f84      0x1df net/libnet.a(tftp.o)
                                0x1ec (size before relaxing)
 *fill*         0x33da6163        0x1 00
 .rodata.str1.4
                0x33da6164      0x111 net/libnet.a(bootp.o)
                                0x148 (size before relaxing)
 *fill*         0x33da6275        0x3 00
 .rodata.str1.4
                0x33da6278       0x13 net/libnet.a(rarp.o)
                                 0x48 (size before relaxing)
 *fill*         0x33da628b        0x1 00
 .rodata.str1.4
                0x33da628c       0xcb drivers/libdrivers.a(dm9000x.o)
                                 0xd4 (size before relaxing)
 *fill*         0x33da6357        0x1 00
 .rodata.str1.4
                0x33da6358      0x316 drivers/nand/libnand.a(nand_base.o)
                                0x31c (size before relaxing)
 *fill*         0x33da666e        0x2 00
 .rodata.str1.4
                0x33da6670      0x43a drivers/nand/libnand.a(nand_ids.o)
                                0x43c (size before relaxing)
 *fill*         0x33da6aaa        0x2 00
 .rodata.str1.4
                0x33da6aac      0x308 drivers/nand/libnand.a(nand_bbt.o)
 .rodata.str1.4
                0x33da6db4       0x39 drivers/lcd/liblcd.a(embedsky_lcd.o)
                                 0x3c (size before relaxing)
 *fill*         0x33da6ded        0x3 00
 .rodata.str1.4
                0x33da6df0       0x18 modules/usb.module(usbout.o)
 .rodata.str1.4
                0x33da6e08      0x12b modules/usb.module(usbsetup.o)
                                0x138 (size before relaxing)
 *fill*         0x33da6f33        0x1 00
 .rodata.str1.4
                0x33da6f34      0x17d modules/usb.module(usbinit.o)
                                0x180 (size before relaxing)
 *fill*         0x33da70b1        0x3 00
 .rodata.str1.4
                0x33da70b4       0x12 modules/usb.module(usbin.o)
                                 0x24 (size before relaxing)
 *fill*         0x33da70c6        0x2 00
 .rodata.str1.4
                0x33da70c8      0x5e7 modules/wince.module(wince_cmds.o)
                                0x5f0 (size before relaxing)
 *fill*         0x33da76af        0x1 00
 .rodata.str1.4
                0x33da76b0      0x328 modules/wince.module(ebootloader.o)
                                0x330 (size before relaxing)
 .rodata.str1.4
                0x33da79d8      0x458 modules/wince.module(extract_wince_image.o)
                                0x460 (size before relaxing)
 .rodata.str1.4
                0x33da7e30      0x130 common/libcommon.a(main.o)
                                0x134 (size before relaxing)
 .rodata.str1.4
                0x33da7f60       0xf6 common/libcommon.a(cmd_autoscript.o)
                                 0xf8 (size before relaxing)
 *fill*         0x33da8056        0x2 00
 .rodata.str1.4
                0x33da8058       0xbf common/libcommon.a(cmd_bdinfo.o)
                                 0xc0 (size before relaxing)
 *fill*         0x33da8117        0x1 00
 .rodata.str1.4
                0x33da8118      0x10b common/libcommon.a(cmd_boot.o)
                                0x118 (size before relaxing)
 *fill*         0x33da8223        0x1 00
 .rodata.str1.4
                0x33da8224      0x81a common/libcommon.a(cmd_bootm.o)
                                0x868 (size before relaxing)
 *fill*         0x33da8a3e        0x2 00
 .rodata.str1.4
                0x33da8a40      0x125 common/libcommon.a(cmd_cache.o)
                                0x13c (size before relaxing)
 *fill*         0x33da8b65        0x3 00
 .rodata.str1.4
                0x33da8b68       0x70 common/libcommon.a(cmd_console.o)
                                 0x74 (size before relaxing)
 .rodata.str1.4
                0x33da8bd8      0x16c common/libcommon.a(cmd_date.o)
                                0x180 (size before relaxing)
 .rodata.str1.4
                0x33da8d44      0x2d7 common/libcommon.a(cmd_elf.o)
                                0x2f0 (size before relaxing)
 *fill*         0x33da901b        0x1 00
 .rodata.str1.4
                0x33da901c      0x8ab common/libcommon.a(cmd_flash.o)
                                0x8c4 (size before relaxing)
 *fill*         0x33da98c7        0x1 00
 .rodata.str1.4
                0x33da98c8       0xce common/libcommon.a(cmd_itest.o)
                                 0xdc (size before relaxing)
 *fill*         0x33da9996        0x2 00
 .rodata.str1.4
                0x33da9998      0xfc4 common/libcommon.a(cmd_jffs2.o)
                               0x1018 (size before relaxing)
 .rodata.str1.4
                0x33daa95c      0x3fc common/libcommon.a(cmd_load.o)
                                0x41c (size before relaxing)
 .rodata.str1.4
                0x33daad58      0x629 common/libcommon.a(cmd_mem.o)
                                0x648 (size before relaxing)
 *fill*         0x33dab381        0x3 00
 .rodata.str1.4
                0x33dab384       0x70 common/libcommon.a(cmd_misc.o)
                                 0x7c (size before relaxing)
 .rodata.str1.4
                0x33dab3f4      0xbdd common/libcommon.a(cmd_nand.o)
                                0xc24 (size before relaxing)
 *fill*         0x33dabfd1        0x3 00
 .rodata.str1.4
                0x33dabfd4      0x202 common/libcommon.a(cmd_net.o)
                                0x258 (size before relaxing)
 *fill*         0x33dac1d6        0x2 00
 .rodata.str1.4
                0x33dac1d8      0x31d common/libcommon.a(cmd_nvedit.o)
                                0x3b0 (size before relaxing)
 *fill*         0x33dac4f5        0x3 00
 .rodata.str1.4
                0x33dac4f8       0xa1 common/libcommon.a(cmd_usbslave.o)
                                 0xdc (size before relaxing)
 *fill*         0x33dac599        0x3 00
 .rodata.str1.4
                0x33dac59c      0xce0 common/libcommon.a(cmd_menu.o)
                                0xd14 (size before relaxing)
 .rodata.str1.4
                0x33dad27c      0x27e common/libcommon.a(command.o)
                                0x280 (size before relaxing)
 *fill*         0x33dad4fa        0x2 00
 .rodata.str1.4
                0x33dad4fc       0x2f common/libcommon.a(devices.o)
                                 0x48 (size before relaxing)
 *fill*         0x33dad52b        0x1 00
 .rodata.str1.4
                0x33dad52c       0x33 common/libcommon.a(env_common.o)
                                 0x34 (size before relaxing)
 *fill*         0x33dad55f        0x1 00
 .rodata.str1.4
                0x33dad560       0x97 common/libcommon.a(env_nand.o)
                                 0xa0 (size before relaxing)
 *fill*         0x33dad5f7        0x1 00
 .rodata.str1.4
                0x33dad5f8      0x11d common/libcommon.a(flash.o)
                                0x120 (size before relaxing)
 *fill*         0x33dad715        0x3 00
 .rodata.str1.4
                0x33dad718       0xf2 common/libcommon.a(xyzModem.o)
                                 0xf8 (size before relaxing)
 *fill*         0x33dad80a        0x2 00
 .rodata.str1.4
                0x33dad80c       0x36 common/libcommon.a(bmp2rgb.module)
                                 0x38 (size before relaxing)
 *fill*         0x33dad842        0x2 00
 .rodata.str1.4
                0x33dad844       0x1f lib_generic/libgeneric.a(display_options.o)
                                 0x20 (size before relaxing)
 *fill*         0x33dad863        0x1 00
 .rodata.str1.4
                0x33dad864       0x57 lib_generic/libgeneric.a(vsprintf.o)
                                 0x58 (size before relaxing)
 *fill*         0x33dad8bb        0x1 00
 .rodata.str1.4
                0x33dad8bc      0x20d lib_generic/libgeneric.a(zlib.o)
                                0x214 (size before relaxing)
 *fill*         0x33dadac9        0x3 00
 .rodata.str1.4
                0x33dadacc      0x125 board/EmbedSky/libEmbedSky.a(flash.o)
                                0x12c (size before relaxing)
 *fill*         0x33dadbf1        0x3 00
 .rodata.str1.4
                0x33dadbf4       0x14 cpu/arm920t/s3c24x0/libs3c24x0.a(nand_flash.o)
 .rodata.str1.4
                0x33dadc08       0x5b lib_arm/libarm.a(armlinux.o)
                                 0xc4 (size before relaxing)
 *fill*         0x33dadc63        0x1 00
 .rodata.str1.4
                0x33dadc64      0x1ac fs/cramfs/libcramfs.a(cramfs.o)
                                0x1b4 (size before relaxing)
 .rodata.str1.4
                0x33dade10      0x42b fs/jffs2/libjffs2.a(jffs2_1pass.o)
                                0x450 (size before relaxing)
 *fill*         0x33dae23b        0x1 00
 .rodata.str1.4
                0x33dae23c      0x557 drivers/nand/libnand.a(nand_util.o)
                                0x55c (size before relaxing)
                0x33dae794                . = ALIGN (0x4)

.data           0x33dae794     0x8e80
 *(.data)
 .data          0x33dae794       0x2c lib_arm/libarm.a(board.o)
                0x33dae794                init_sequence
 .data          0x33dae7c0        0xa net/libnet.a(net.o)
                0x33dae7c2                NetOurVLAN
                0x33dae7c0                NetOurNativeVLAN
                0x33dae7c4                NetBcastAddr
 .data          0x33dae7ca        0x4 net/libnet.a(tftp.o)
 *fill*         0x33dae7ce        0x2 00
 .data          0x33dae7d0        0x4 drivers/libdrivers.a(dm9000x.o)
 .data          0x33dae7d4        0x4 drivers/nand/libnand.a(nand.o)
                0x33dae7d4                nand_curr_device
 .data          0x33dae7d8      0x298 drivers/nand/libnand.a(nand_base.o)
 .data          0x33daea70      0x548 drivers/nand/libnand.a(nand_ids.o)
                0x33daea70                nand_manuf_ids
                0x33daeaa8                nand_flash_ids
 .data          0x33daefb8      0x110 drivers/nand/libnand.a(nand_bbt.o)
 .data          0x33daf0c8     0x791f drivers/lcd/liblcd.a(embedsky_lcd.o)
                0x33daf0cf                down_mode
                0x33daf0cc                vspw
                0x33daf0cb                hbpd
                0x33daf0ca                hfpd
                0x33db4caf                logo_net
                0x33db0cef                logo_tqkj
                0x33daf0ce                vbpd
                0x33daf0c9                hspw
                0x33daf0c8                clkval_tft
                0x33daf0cd                vfpd
 .data          0x33db69e7        0x2 modules/usb.module(usbsetup.o)
                0x33db69e7                Selfpwr
                0x33db69e8                Configuration
 *fill*         0x33db69e9        0x3 00
 .data          0x33db69ec        0x4 modules/wince.module(ebootloader.o)
                0x33db69ec                pbUUID
 .data          0x33db69f0        0x4 modules/wince.module(extract_wince_image.o)
 .data          0x33db69f4       0x10 common/libcommon.a(main.o)
 .data          0x33db6a04        0x4 common/libcommon.a(cmd_bootm.o)
                0x33db6a04                load_addr
 .data          0x33db6a08       0x1c common/libcommon.a(cmd_date.o)
                0x33db6a08                weekdays
 .data          0x33db6a24       0x68 common/libcommon.a(cmd_itest.o)
                0x33db6a24                op_table
 .data          0x33db6a8c        0x4 common/libcommon.a(cmd_load.o)
 .data          0x33db6a90        0x4 common/libcommon.a(cmd_mem.o)
                0x33db6a90                dp_last_length
 .data          0x33db6a94        0x4 common/libcommon.a(cmd_usbslave.o)
                0x33db6a94                g_bUSBWait
 .data          0x33db6a98        0xc common/libcommon.a(devices.o)
                0x33db6a98                stdio_names
 .data          0x33db6aa4      0x414 common/libcommon.a(dlmalloc.o)
 .data          0x33db6eb8       0xf4 common/libcommon.a(env_common.o)
                0x33db6ebc                default_environment
                0x33db6fa8                env_get_char
                0x33db6eb8                default_environment_size
 .data          0x33db6fac        0x4 common/libcommon.a(env_nand.o)
                0x33db6fac                env_name_spec
 .data          0x33db6fb0      0x100 lib_generic/libgeneric.a(ctype.o)
                0x33db6fb0                _ctype
 .data          0x33db70b0      0x2a0 lib_generic/libgeneric.a(zlib.o)
                0x33db70b0                z_errmsg
                0x33db70d0                zlib_version
 .data          0x33db7350       0x28 fs/jffs2/libjffs2.a(jffs2_1pass.o)
 .data          0x33db7378       0x13 fs/jffs2/libjffs2.a(mini_inflate.o)
 *fill*         0x33db738b        0x1 00
 .data          0x33db738c       0x30 rtc/librtc.a(date.o)
 .data          0x33db73bc      0x258 drivers/nand/libnand.a(nand_util.o)

.got.plt        0x33db7614        0xc
 .got.plt       0x33db7614        0xc /opt/Boardcon/crosstools_3.4.5_softfloat/gcc-3.4.5-glibc-2.3.6/arm-linux/bin/../lib/gcc/arm-linux/3.4.5/libgcc.a(_udivdi3.oS)
                0x33db7614                _GLOBAL_OFFSET_TABLE_
                0x33db7620                . = ALIGN (0x4)

.got            0x33db7620        0x4
 *(.got)
 .got           0x33db7620        0x4 /opt/Boardcon/crosstools_3.4.5_softfloat/gcc-3.4.5-glibc-2.3.6/arm-linux/bin/../lib/gcc/arm-linux/3.4.5/libgcc.a(_udivdi3.oS)
                0x33db7624                . = .
                0x33db7624                __u_boot_cmd_start = .

.u_boot_cmd     0x33db7624      0x588
 *(.u_boot_cmd)
 .u_boot_cmd    0x33db7624       0x30 lib_arm/libarm.a(boot_zImage.o)
                0x33db7624                __u_boot_cmd_boot_noos
                0x33db763c                __u_boot_cmd_boot_zImage
 .u_boot_cmd    0x33db7654       0x30 modules/wince.module(wince_cmds.o)
                0x33db766c                __u_boot_cmd_eboot
                0x33db7654                __u_boot_cmd_wince
 .u_boot_cmd    0x33db7684       0x18 common/libcommon.a(cmd_autoscript.o)
                0x33db7684                __u_boot_cmd_autoscr
 .u_boot_cmd    0x33db769c       0x18 common/libcommon.a(cmd_bdinfo.o)
                0x33db769c                __u_boot_cmd_bdinfo
 .u_boot_cmd    0x33db76b4       0x30 common/libcommon.a(cmd_boot.o)
                0x33db76b4                __u_boot_cmd_reset
                0x33db76cc                __u_boot_cmd_go
 .u_boot_cmd    0x33db76e4       0x60 common/libcommon.a(cmd_bootm.o)
                0x33db772c                __u_boot_cmd_bootm
                0x33db76e4                __u_boot_cmd_iminfo
                0x33db76fc                __u_boot_cmd_bootd
                0x33db7714                __u_boot_cmd_boot
 .u_boot_cmd    0x33db7744       0x30 common/libcommon.a(cmd_cache.o)
                0x33db7744                __u_boot_cmd_dcache
                0x33db775c                __u_boot_cmd_icache
 .u_boot_cmd    0x33db7774       0x18 common/libcommon.a(cmd_console.o)
                0x33db7774                __u_boot_cmd_coninfo
 .u_boot_cmd    0x33db778c       0x18 common/libcommon.a(cmd_date.o)
                0x33db778c                __u_boot_cmd_date
 .u_boot_cmd    0x33db77a4       0x30 common/libcommon.a(cmd_elf.o)
                0x33db77bc                __u_boot_cmd_bootelf
                0x33db77a4                __u_boot_cmd_bootvx
 .u_boot_cmd    0x33db77d4       0x48 common/libcommon.a(cmd_flash.o)
                0x33db7804                __u_boot_cmd_flinfo
                0x33db77d4                __u_boot_cmd_protect
                0x33db77ec                __u_boot_cmd_erase
 .u_boot_cmd    0x33db781c       0x18 common/libcommon.a(cmd_itest.o)
                0x33db781c                __u_boot_cmd_itest
 .u_boot_cmd    0x33db7834       0x78 common/libcommon.a(cmd_jffs2.o)
                0x33db7864                __u_boot_cmd_fsinfo
                0x33db784c                __u_boot_cmd_chpart
                0x33db7834                __u_boot_cmd_mtdparts
                0x33db787c                __u_boot_cmd_ls
                0x33db7894                __u_boot_cmd_fsload
 .u_boot_cmd    0x33db78ac       0x60 common/libcommon.a(cmd_load.o)
                0x33db78ac                __u_boot_cmd_loady
                0x33db78c4                __u_boot_cmd_loadx
                0x33db78f4                __u_boot_cmd_loads
                0x33db78dc                __u_boot_cmd_loadb
 .u_boot_cmd    0x33db790c       0xf0 common/libcommon.a(cmd_mem.o)
                0x33db79cc                __u_boot_cmd_mm
                0x33db7984                __u_boot_cmd_cp
                0x33db7924                __u_boot_cmd_loop
                0x33db793c                __u_boot_cmd_base
                0x33db799c                __u_boot_cmd_mw
                0x33db796c                __u_boot_cmd_cmp
                0x33db79b4                __u_boot_cmd_nm
                0x33db790c                __u_boot_cmd_mtest
                0x33db7954                __u_boot_cmd_crc32
                0x33db79e4                __u_boot_cmd_md
 .u_boot_cmd    0x33db79fc       0x18 common/libcommon.a(cmd_misc.o)
                0x33db79fc                __u_boot_cmd_sleep
 .u_boot_cmd    0x33db7a14       0x30 common/libcommon.a(cmd_nand.o)
                0x33db7a2c                __u_boot_cmd_nand
                0x33db7a14                __u_boot_cmd_nboot
 .u_boot_cmd    0x33db7a44       0x78 common/libcommon.a(cmd_net.o)
                0x33db7a44                __u_boot_cmd_ping
                0x33db7a74                __u_boot_cmd_rarpboot
                0x33db7aa4                __u_boot_cmd_bootp
                0x33db7a5c                __u_boot_cmd_dhcp
                0x33db7a8c                __u_boot_cmd_tftpboot
 .u_boot_cmd    0x33db7abc       0x60 common/libcommon.a(cmd_nvedit.o)
                0x33db7aec                __u_boot_cmd_setenv
                0x33db7b04                __u_boot_cmd_printenv
                0x33db7ad4                __u_boot_cmd_saveenv
                0x33db7abc                __u_boot_cmd_run
 .u_boot_cmd    0x33db7b1c       0x18 common/libcommon.a(cmd_usbslave.o)
                0x33db7b1c                __u_boot_cmd_usbslave
 .u_boot_cmd    0x33db7b34       0x18 common/libcommon.a(cmd_menu.o)
                0x33db7b34                __u_boot_cmd_menu
 .u_boot_cmd    0x33db7b4c       0x60 common/libcommon.a(command.o)
                0x33db7b94                __u_boot_cmd_version
                0x33db7b7c                __u_boot_cmd_echo
                0x33db7b64                __u_boot_cmd_help
                0x33db7b4c                __u_boot_cmd_question_mark
                0x33db7bac                __u_boot_cmd_end = .
                0x33db7bac                . = ALIGN (0x4)
                0x33db7bac                __bss_start = .

.bss            0x33db7bac    0x2bdec
 *(.bss)
 .bss           0x33db7bac        0x2 modules/nand_read.module
                0x33db7bac                bLARGEBLOCK
                0x33db7bad                b128MB
 *fill*         0x33db7bae        0x2 00
 .bss           0x33db7bb0       0xe0 cpu/arm920t/s3c24x0/libs3c24x0.a(interrupts.o)
                0x33db7bb4                isr_handle_array
                0x33db7c7c                intregs
                0x33db7c80                g_TimerIntHappen
                0x33db7bb0                timer_load_val
 .bss           0x33db7c90       0x10 lib_arm/libarm.a(board.o)
                0x33db7c90                monitor_flash_len
 .bss           0x33db7ca0     0x25d0 net/libnet.a(net.o)
                0x33db7df8                PktBuf
                0x33db7d34                NetOurDNSIP
                0x33db7d54                NetRxPackets
                0x33db7cf2                NetOurHostName
                0x33db7d4c                NetOurIP
                0x33db7d38                NetOurGatewayIP
                0x33db7d74                BootFile
                0x33db7ca0                NetTxPacket
                0x33db9c2c                NetArpWaitPacketBuf
                0x33db7d12                NetOurNISDomain
                0x33db7cb2                NetOurRootPath
                0x33db7caa                NetServerEther
                0x33db7d70                NetState
                0x33db7d3c                NetOurSubnetMask
                0x33db9c18                NetArpWaitPacketIP
                0x33dba24c                NetArpWaitTimerStart
                0x33db7d50                NetServerIP
                0x33db7ca4                NetEtherNullAddr
                0x33db9c1c                NetArpWaitReplyIP
                0x33db9c20                NetArpWaitPacketMAC
                0x33db7d44                NetOurEther
                0x33db7d6c                NetIPID
                0x33db9c28                NetArpWaitTxPacketSize
                0x33db9c24                NetArpWaitTxPacket
                0x33db7cb0                NetBootFileSize
                0x33dba250                NetArpWaitTry
                0x33db7df4                NetPingIP
                0x33db7d68                NetRxPktLen
                0x33db7d40                NetBootFileXferSize
                0x33db7d64                NetRxPkt
 .bss           0x33dba270       0x34 net/libnet.a(tftp.o)
 .bss           0x33dba2a4       0x14 net/libnet.a(bootp.o)
                0x33dba2b4                BootpTry
                0x33dba2ac                dhcp_state
                0x33dba2b0                BootpID
                0x33dba2a8                dhcp_leasetime
                0x33dba2a4                NetDHCPServerIP
 .bss           0x33dba2b8        0x4 net/libnet.a(rarp.o)
                0x33dba2b8                RarpTry
 .bss           0x33dba2bc       0xa4 drivers/libdrivers.a(dm9000x.o)
                0x33dba2bc                dmfe_info
 .bss           0x33dba360      0x208 drivers/nand/libnand.a(nand.o)
                0x33dba360                nand_info
 .bss           0x33dba568    0x25804 drivers/lcd/liblcd.a(embedsky_lcd.o)
                0x33dba568                currWidth
                0x33dba56c                embedsky_LCD_BUFFER
 .bss           0x33ddfd6c     0x1008 modules/usb.module(usbmain.o)
                0x33ddfd6c                dbgStrWrPt
                0x33ddfd70                dbgStrRdPt
                0x33ddfd74                dbgStrFifo
 .bss           0x33de0d74       0x61 modules/usb.module(usbout.o)
                0x33de0d74                ep3Buf
 *fill*         0x33de0dd5        0x3 00
 .bss           0x33de0dd8       0x68 modules/usb.module(usbsetup.o)
                0x33de0e04                descConf
                0x33de0de8                descSetup
                0x33de0ddc                ep0SubState
                0x33de0de6                endpoint3_status
                0x33de0e1c                descEndpt0
                0x33de0de1                AlterSetting
                0x33de0e30                InterfaceGet
                0x33de0de3                interface_status
                0x33de0e10                descIf
                0x33de0df0                descDev
                0x33de0de5                endpoint1_status
                0x33de0dd8                ep0State
                0x33de0de0                Rwuen
                0x33de0e34                StatusGet
                0x33de0de2                device_status
                0x33de0de4                endpoint0_status
                0x33de0e24                descEndpt1
                0x33de0e2c                ConfigSet
 .bss           0x33de0e40       0x5c modules/usb.module(usbinit.o)
                0x33de0e68                downPt
                0x33de0e60                downloadAddress
                0x33de0e50                usbdevregs
                0x33de0e74                totalDmaCount
                0x33de0e44                download_run
                0x33de0e7c                tempDownloadAddress
                0x33de0e4c                restart
                0x33de0e5c                gpioregs
                0x33de0e98                consoleNum
                0x33de0e54                dmaregs
                0x33de0e78                isUsbdSetConfiguration
                0x33de0e48                err
                0x33de0e70                checkSum
                0x33de0e6c                downloadFileSize
                0x33de0e64                run
                0x33de0e94                dwUSBBufSize
                0x33de0e84                dwUSBBufWritePtr
                0x33de0e58                clk_powerregs
                0x33de0e88                dwWillDMACnt
                0x33de0e80                dwUSBBufReadPtr
                0x33de0e90                dwUSBBufBase
                0x33de0e8c                bDMAPending
                0x33de0e40                menuUsed
 .bss           0x33de0e9c       0x24 modules/usb.module(usbin.o)
                0x33de0e9c                transferIndex
                0x33de0ea0                ep1Buf
 .bss           0x33de0ec0      0x204 modules/wince.module(ebootloader.o)
                0x33de0ec4                toc
                0x33de0ec0                JumpAddr
 .bss           0x33de10c4        0x4 modules/wince.module(extract_wince_image.o)
                0x33de10c4                g_dwCntReadFrmUSB
 .bss           0x33de10c8      0x200 common/libcommon.a(main.o)
                0x33de10c8                console_buffer
 .bss           0x33de12c8       0x40 common/libcommon.a(cmd_bootm.o)
                0x33de12c8                header
 .bss           0x33de1308      0x2ac common/libcommon.a(cmd_jffs2.o)
                0x33de1308                mtdids
                0x33de1310                devices
 .bss           0x33de15b4       0x88 common/libcommon.a(cmd_load.o)
                0x33de15d8                his_eol
                0x33de15e4                os_data_init
                0x33de15b4                os_data_count
                0x33de15e0                his_pad_char
                0x33de1600                send_ptr
                0x33de15e1                his_quote
                0x33de15ec                send_parms
                0x33de15e8                os_data_char
                0x33de15dc                his_pad_count
                0x33de15b8                os_data_header
 .bss           0x33de163c       0x14 common/libcommon.a(cmd_mem.o)
                0x33de1640                dp_last_size
                0x33de1648                mm_last_size
                0x33de1644                mm_last_addr
                0x33de163c                dp_last_addr
 .bss           0x33de1650        0x4 common/libcommon.a(cmd_usbslave.o)
                0x33de1650                g_dwDownloadLen
 .bss           0x33de1654        0x8 common/libcommon.a(console.o)
 .bss           0x33de165c       0x10 common/libcommon.a(devices.o)
                0x33de165c                stdio_devices
                0x33de1668                devlist
 .bss           0x33de166c       0x3c common/libcommon.a(dlmalloc.o)
 .bss           0x33de16a8        0x4 common/libcommon.a(env_nand.o)
                0x33de16a8                env_ptr
 .bss           0x33de16ac      0x43c common/libcommon.a(xyzModem.o)
 .bss           0x33de1ae8        0x4 lib_generic/libgeneric.a(string.o)
                0x33de1ae8                ___strtok
 .bss           0x33de1aec      0x400 lib_generic/libgeneric.a(vsprintf.o)
 .bss           0x33de1eec     0x10a8 lib_generic/libgeneric.a(zlib.o)
 .bss           0x33de2f94       0x6c board/EmbedSky/libEmbedSky.a(flash.o)
                0x33de2f94                flash_info
 .bss           0x33de3000        0x4 cpu/arm920t/s3c24x0/libs3c24x0.a(serial.o)
                0x33de3000                getc_errno
 .bss           0x33de3004        0x4 lib_arm/libarm.a(armlinux.o)
 .bss           0x33de3008       0x4c fs/cramfs/libcramfs.a(cramfs.o)
                0x33de3008                super
 .bss           0x33de3054       0x34 fs/cramfs/libcramfs.a(uncompress.o)
 .bss           0x33de3088        0x8 fs/jffs2/libjffs2.a(jffs2_1pass.o)
 .bss           0x33de3090      0x908 drivers/nand/libnand.a(nand_util.o)

.rel.dyn
                0x33de3998                _end = .
Address of section .text set to 0x33d80000
LOAD cpu/arm920t/start.o
START GROUP
LOAD lib_generic/libgeneric.a
LOAD board/EmbedSky/libEmbedSky.a
LOAD cpu/arm920t/libarm920t.a
LOAD cpu/arm920t/s3c24x0/libs3c24x0.a
LOAD lib_arm/libarm.a
LOAD fs/cramfs/libcramfs.a
LOAD fs/jffs2/libjffs2.a
LOAD net/libnet.a
LOAD rtc/librtc.a
LOAD drivers/libdrivers.a
LOAD drivers/nand/libnand.a
LOAD drivers/nand_legacy/libnand_legacy.a
LOAD drivers/lcd/liblcd.a
LOAD modules/usb.module
LOAD modules/wince.module
LOAD common/libcommon.a
END GROUP
LOAD /opt/Boardcon/crosstools_3.4.5_softfloat/gcc-3.4.5-glibc-2.3.6/arm-linux/bin/../lib/gcc/arm-linux/3.4.5/libgcc.a
OUTPUT(u-boot elf32-littlearm)

.debug_line     0x00000000     0xb198
 .debug_line    0x00000000       0xcd cpu/arm920t/start.o
 .debug_line    0x000000cd      0x155 modules/nand_read.module
 .debug_line    0x00000222       0x46 board/EmbedSky/libEmbedSky.a(lowlevel_init.o)
 .debug_line    0x00000268       0xc0 cpu/arm920t/libarm920t.a(interrupts.o)
 .debug_line    0x00000328      0x1b6 cpu/arm920t/s3c24x0/libs3c24x0.a(interrupts.o)
 .debug_line    0x000004de      0x180 cpu/arm920t/s3c24x0/libs3c24x0.a(speed.o)
 .debug_line    0x0000065e       0x5c lib_arm/libarm.a(_udivsi3.o)
 .debug_line    0x000006ba      0x1a2 lib_arm/libarm.a(board.o)
 .debug_line    0x0000085c      0x178 lib_arm/libarm.a(boot_zImage.o)
 .debug_line    0x000009d4       0x33 lib_arm/libarm.a(div0.o)
 .debug_line    0x00000a07      0x715 net/libnet.a(net.o)
 .debug_line    0x0000111c      0x2b0 net/libnet.a(tftp.o)
 .debug_line    0x000013cc      0x3cd net/libnet.a(bootp.o)
 .debug_line    0x00001799       0xef net/libnet.a(rarp.o)
 .debug_line    0x00001888       0xb5 net/libnet.a(eth.o)
 .debug_line    0x0000193d      0x227 drivers/libdrivers.a(dm9000x.o)
 .debug_line    0x00001b64      0x16f drivers/nand/libnand.a(nand.o)
 .debug_line    0x00001cd3      0x84b drivers/nand/libnand.a(nand_base.o)
 .debug_line    0x0000251e       0x6c drivers/nand/libnand.a(nand_ids.o)
 .debug_line    0x0000258a      0x1b8 drivers/nand/libnand.a(nand_ecc.o)
 .debug_line    0x00002742      0x475 drivers/nand/libnand.a(nand_bbt.o)
 .debug_line    0x00002bb7      0x2ff drivers/lcd/liblcd.a(embedsky_lcd.o)
 .debug_line    0x00002eb6       0x9a modules/usb.module(usbmain.o)
 .debug_line    0x00002f50       0xf3 modules/usb.module(usbout.o)
 .debug_line    0x00003043      0x1f2 modules/usb.module(usbsetup.o)
 .debug_line    0x00003235      0x24c modules/usb.module(usbinit.o)
 .debug_line    0x00003481       0x89 modules/usb.module(usbin.o)
 .debug_line    0x0000350a       0xeb modules/usb.module(usblib.o)
 .debug_line    0x000035f5      0x30d modules/wince.module(wince_cmds.o)
 .debug_line    0x00003902      0x2a2 modules/wince.module(ebootloader.o)
 .debug_line    0x00003ba4      0x1c2 modules/wince.module(extract_wince_image.o)
 .debug_line    0x00003d66      0x1e2 common/libcommon.a(main.o)
 .debug_line    0x00003f48      0x1f6 common/libcommon.a(cmd_autoscript.o)
 .debug_line    0x0000413e      0x11f common/libcommon.a(cmd_bdinfo.o)
 .debug_line    0x0000425d       0xcf common/libcommon.a(cmd_boot.o)
 .debug_line    0x0000432c      0x467 common/libcommon.a(cmd_bootm.o)
 .debug_line    0x00004793       0xa9 common/libcommon.a(cmd_cache.o)
 .debug_line    0x0000483c       0xa4 common/libcommon.a(cmd_console.o)
 .debug_line    0x000048e0      0x160 common/libcommon.a(cmd_date.o)
 .debug_line    0x00004a40      0x1a8 common/libcommon.a(cmd_elf.o)
 .debug_line    0x00004be8      0x2ff common/libcommon.a(cmd_flash.o)
 .debug_line    0x00004ee7      0x114 common/libcommon.a(cmd_itest.o)
 .debug_line    0x00004ffb      0x945 common/libcommon.a(cmd_jffs2.o)
 .debug_line    0x00005940      0x3de common/libcommon.a(cmd_load.o)
 .debug_line    0x00005d1e      0x298 common/libcommon.a(cmd_mem.o)
 .debug_line    0x00005fb6       0xc8 common/libcommon.a(cmd_misc.o)
 .debug_line    0x0000607e      0x452 common/libcommon.a(cmd_nand.o)
 .debug_line    0x000064d0      0x137 common/libcommon.a(cmd_net.o)
 .debug_line    0x00006607      0x2a3 common/libcommon.a(cmd_nvedit.o)
 .debug_line    0x000068aa      0x15b common/libcommon.a(cmd_usbslave.o)
 .debug_line    0x00006a05      0x280 common/libcommon.a(cmd_menu.o)
 .debug_line    0x00006c85      0x10e common/libcommon.a(command.o)
 .debug_line    0x00006d93      0x26e common/libcommon.a(console.o)
 .debug_line    0x00007001      0x144 common/libcommon.a(devices.o)
 .debug_line    0x00007145      0x39a common/libcommon.a(dlmalloc.o)
 .debug_line    0x000074df      0x143 common/libcommon.a(env_common.o)
 .debug_line    0x00007622      0x21a common/libcommon.a(env_nand.o)
 .debug_line    0x0000783c       0xd5 common/libcommon.a(exports.o)
 .debug_line    0x00007911      0x13f common/libcommon.a(flash.o)
 .debug_line    0x00007a50      0x102 common/libcommon.a(lists.o)
 .debug_line    0x00007b52      0x104 common/libcommon.a(s_record.o)
 .debug_line    0x00007c56      0x225 common/libcommon.a(xyzModem.o)
 .debug_line    0x00007e7b       0xbb common/libcommon.a(bmp2rgb.module)
 .debug_line    0x00007f36       0xbd common/libcommon.a(crc16.o)
 .debug_line    0x00007ff3       0x95 lib_generic/libgeneric.a(crc32.o)
 .debug_line    0x00008088       0x25 lib_generic/libgeneric.a(ctype.o)
 .debug_line    0x000080ad       0x9c lib_generic/libgeneric.a(display_options.o)
 .debug_line    0x00008149      0x1b4 lib_generic/libgeneric.a(string.o)
 .debug_line    0x000082fd      0x20e lib_generic/libgeneric.a(vsprintf.o)
 .debug_line    0x0000850b      0x5d0 lib_generic/libgeneric.a(zlib.o)
 .debug_line    0x00008adb      0x14a board/EmbedSky/libEmbedSky.a(EmbedSky.o)
 .debug_line    0x00008c25      0x208 board/EmbedSky/libEmbedSky.a(flash.o)
 .debug_line    0x00008e2d      0x148 cpu/arm920t/libarm920t.a(cpu.o)
 .debug_line    0x00008f75      0x18a cpu/arm920t/s3c24x0/libs3c24x0.a(serial.o)
 .debug_line    0x000090ff      0x1f6 cpu/arm920t/s3c24x0/libs3c24x0.a(nand_flash.o)
 .debug_line    0x000092f5       0x3d lib_arm/libarm.a(_ashldi3.o)
 .debug_line    0x00009332       0x3d lib_arm/libarm.a(_ashrdi3.o)
 .debug_line    0x0000936f       0x63 lib_arm/libarm.a(_divsi3.o)
 .debug_line    0x000093d2       0x51 lib_arm/libarm.a(_modsi3.o)
 .debug_line    0x00009423       0x63 lib_arm/libarm.a(_umodsi3.o)
 .debug_line    0x00009486      0x232 lib_arm/libarm.a(armlinux.o)
 .debug_line    0x000096b8       0x34 lib_arm/libarm.a(cache.o)
 .debug_line    0x000096ec      0x269 fs/cramfs/libcramfs.a(cramfs.o)
 .debug_line    0x00009955       0x9f fs/cramfs/libcramfs.a(uncompress.o)
 .debug_line    0x000099f4      0x6df fs/jffs2/libjffs2.a(jffs2_1pass.o)
 .debug_line    0x0000a0d3       0x9a fs/jffs2/libjffs2.a(compr_rtime.o)
 .debug_line    0x0000a16d       0xc5 fs/jffs2/libjffs2.a(compr_rubin.o)
 .debug_line    0x0000a232       0x79 fs/jffs2/libjffs2.a(compr_zlib.o)
 .debug_line    0x0000a2ab      0x3be fs/jffs2/libjffs2.a(mini_inflate.o)
 .debug_line    0x0000a669       0xc1 rtc/librtc.a(date.o)
 .debug_line    0x0000a72a      0x132 rtc/librtc.a(s3c24x0_rtc.o)
 .debug_line    0x0000a85c      0x3c2 drivers/nand/libnand.a(nand_util.o)
 .debug_line    0x0000ac1e      0x1ef /opt/Boardcon/crosstools_3.4.5_softfloat/gcc-3.4.5-glibc-2.3.6/arm-linux/bin/../lib/gcc/arm-linux/3.4.5/libgcc.a(_addsubdf3.oS)
 .debug_line    0x0000ae0d      0x287 /opt/Boardcon/crosstools_3.4.5_softfloat/gcc-3.4.5-glibc-2.3.6/arm-linux/bin/../lib/gcc/arm-linux/3.4.5/libgcc.a(_muldivdf3.oS)
 .debug_line    0x0000b094       0xd0 /opt/Boardcon/crosstools_3.4.5_softfloat/gcc-3.4.5-glibc-2.3.6/arm-linux/bin/../lib/gcc/arm-linux/3.4.5/libgcc.a(_fixdfsi.oS)
 .debug_line    0x0000b164       0x1a /opt/Boardcon/crosstools_3.4.5_softfloat/gcc-3.4.5-glibc-2.3.6/arm-linux/bin/../lib/gcc/arm-linux/3.4.5/libgcc.a(_udivdi3.oS)
 .debug_line    0x0000b17e       0x1a /opt/Boardcon/crosstools_3.4.5_softfloat/gcc-3.4.5-glibc-2.3.6/arm-linux/bin/../lib/gcc/arm-linux/3.4.5/libgcc.a(_clz.oS)

.debug_info     0x00000000    0x2b83b
 .debug_info    0x00000000       0x62 cpu/arm920t/start.o
 .debug_info    0x00000062      0x871 modules/nand_read.module
 .debug_info    0x000008d3       0x6d board/EmbedSky/libEmbedSky.a(lowlevel_init.o)
 .debug_info    0x00000940      0x273 cpu/arm920t/libarm920t.a(interrupts.o)
 .debug_info    0x00000bb3      0x9be cpu/arm920t/s3c24x0/libs3c24x0.a(interrupts.o)
 .debug_info    0x00001571      0x3ec cpu/arm920t/s3c24x0/libs3c24x0.a(speed.o)
 .debug_info    0x0000195d       0x61 lib_arm/libarm.a(_udivsi3.o)
 .debug_info    0x000019be      0x4bf lib_arm/libarm.a(board.o)
 .debug_info    0x00001e7d      0x6e9 lib_arm/libarm.a(boot_zImage.o)
 .debug_info    0x00002566       0x44 lib_arm/libarm.a(div0.o)
 .debug_info    0x000025aa     0x16c6 net/libnet.a(net.o)
 .debug_info    0x00003c70      0x447 net/libnet.a(tftp.o)
 .debug_info    0x000040b7      0xb8e net/libnet.a(bootp.o)
 .debug_info    0x00004c45      0x245 net/libnet.a(rarp.o)
 .debug_info    0x00004e8a      0x17d net/libnet.a(eth.o)
 .debug_info    0x00005007      0x6b9 drivers/libdrivers.a(dm9000x.o)
 .debug_info    0x000056c0      0xc61 drivers/nand/libnand.a(nand.o)
 .debug_info    0x00006321     0x2344 drivers/nand/libnand.a(nand_base.o)
 .debug_info    0x00008665      0x156 drivers/nand/libnand.a(nand_ids.o)
 .debug_info    0x000087bb      0x7e4 drivers/nand/libnand.a(nand_ecc.o)
 .debug_info    0x00008f9f     0x1794 drivers/nand/libnand.a(nand_bbt.o)
 .debug_info    0x0000a733      0xe6e drivers/lcd/liblcd.a(embedsky_lcd.o)
 .debug_info    0x0000b5a1      0x611 modules/usb.module(usbmain.o)
 .debug_info    0x0000bbb2      0x769 modules/usb.module(usbout.o)
 .debug_info    0x0000c31b      0xb09 modules/usb.module(usbsetup.o)
 .debug_info    0x0000ce24      0xe7b modules/usb.module(usbinit.o)
 .debug_info    0x0000dc9f      0x5e2 modules/usb.module(usbin.o)
 .debug_info    0x0000e281      0x882 modules/usb.module(usblib.o)
 .debug_info    0x0000eb03      0xf80 modules/wince.module(wince_cmds.o)
 .debug_info    0x0000fa83     0x1246 modules/wince.module(ebootloader.o)
 .debug_info    0x00010cc9      0x7fb modules/wince.module(extract_wince_image.o)
 .debug_info    0x000114c4      0x6d3 common/libcommon.a(main.o)
 .debug_info    0x00011b97      0x3fc common/libcommon.a(cmd_autoscript.o)
 .debug_info    0x00011f93      0x368 common/libcommon.a(cmd_bdinfo.o)
 .debug_info    0x000122fb      0x1c8 common/libcommon.a(cmd_boot.o)
 .debug_info    0x000124c3     0x1180 common/libcommon.a(cmd_bootm.o)
 .debug_info    0x00013643      0x218 common/libcommon.a(cmd_cache.o)
 .debug_info    0x0001385b      0x37d common/libcommon.a(cmd_console.o)
 .debug_info    0x00013bd8      0x4fb common/libcommon.a(cmd_date.o)
 .debug_info    0x000140d3      0x506 common/libcommon.a(cmd_elf.o)
 .debug_info    0x000145d9      0x9bb common/libcommon.a(cmd_flash.o)
 .debug_info    0x00014f94      0x42a common/libcommon.a(cmd_itest.o)
 .debug_info    0x000153be     0x201d common/libcommon.a(cmd_jffs2.o)
 .debug_info    0x000173db      0xe3d common/libcommon.a(cmd_load.o)
 .debug_info    0x00018218      0xa16 common/libcommon.a(cmd_mem.o)
 .debug_info    0x00018c2e      0x1aa common/libcommon.a(cmd_misc.o)
 .debug_info    0x00018dd8     0x18eb common/libcommon.a(cmd_nand.o)
 .debug_info    0x0001a6c3      0x533 common/libcommon.a(cmd_net.o)
 .debug_info    0x0001abf6      0x827 common/libcommon.a(cmd_nvedit.o)
 .debug_info    0x0001b41d      0x254 common/libcommon.a(cmd_usbslave.o)
 .debug_info    0x0001b671      0xa70 common/libcommon.a(cmd_menu.o)
 .debug_info    0x0001c0e1      0x3f4 common/libcommon.a(command.o)
 .debug_info    0x0001c4d5      0x855 common/libcommon.a(console.o)
 .debug_info    0x0001cd2a      0x485 common/libcommon.a(devices.o)
 .debug_info    0x0001d1af      0xb59 common/libcommon.a(dlmalloc.o)
 .debug_info    0x0001dd08      0x378 common/libcommon.a(env_common.o)
 .debug_info    0x0001e080      0xa33 common/libcommon.a(env_nand.o)
 .debug_info    0x0001eab3      0x255 common/libcommon.a(exports.o)
 .debug_info    0x0001ed08      0x2f4 common/libcommon.a(flash.o)
 .debug_info    0x0001effc      0x4df common/libcommon.a(lists.o)
 .debug_info    0x0001f4db      0x17a common/libcommon.a(s_record.o)
 .debug_info    0x0001f655      0x625 common/libcommon.a(xyzModem.o)
 .debug_info    0x0001fc7a      0x20e common/libcommon.a(bmp2rgb.module)
 .debug_info    0x0001fe88      0x10f common/libcommon.a(crc16.o)
 .debug_info    0x0001ff97      0x16d lib_generic/libgeneric.a(crc32.o)
 .debug_info    0x00020104       0x56 lib_generic/libgeneric.a(ctype.o)
 .debug_info    0x0002015a      0x120 lib_generic/libgeneric.a(display_options.o)
 .debug_info    0x0002027a      0x828 lib_generic/libgeneric.a(string.o)
 .debug_info    0x00020aa2      0x477 lib_generic/libgeneric.a(vsprintf.o)
 .debug_info    0x00020f19     0x16ca lib_generic/libgeneric.a(zlib.o)
 .debug_info    0x000225e3      0x64e board/EmbedSky/libEmbedSky.a(EmbedSky.o)
 .debug_info    0x00022c31      0x3e4 board/EmbedSky/libEmbedSky.a(flash.o)
 .debug_info    0x00023015      0x4b5 cpu/arm920t/libarm920t.a(cpu.o)
 .debug_info    0x000234ca      0x555 cpu/arm920t/s3c24x0/libs3c24x0.a(serial.o)
 .debug_info    0x00023a1f     0x10b1 cpu/arm920t/s3c24x0/libs3c24x0.a(nand_flash.o)
 .debug_info    0x00024ad0       0x61 lib_arm/libarm.a(_ashldi3.o)
 .debug_info    0x00024b31       0x61 lib_arm/libarm.a(_ashrdi3.o)
 .debug_info    0x00024b92       0x60 lib_arm/libarm.a(_divsi3.o)
 .debug_info    0x00024bf2       0x60 lib_arm/libarm.a(_modsi3.o)
 .debug_info    0x00024c52       0x61 lib_arm/libarm.a(_umodsi3.o)
 .debug_info    0x00024cb3      0xa94 lib_arm/libarm.a(armlinux.o)
 .debug_info    0x00025747       0xa8 lib_arm/libarm.a(cache.o)
 .debug_info    0x000257ef      0x770 fs/cramfs/libcramfs.a(cramfs.o)
 .debug_info    0x00025f5f      0x35c fs/cramfs/libcramfs.a(uncompress.o)
 .debug_info    0x000262bb     0x260f fs/jffs2/libjffs2.a(jffs2_1pass.o)
 .debug_info    0x000288ca      0x139 fs/jffs2/libjffs2.a(compr_rtime.o)
 .debug_info    0x00028a03      0x1e8 fs/jffs2/libjffs2.a(compr_rubin.o)
 .debug_info    0x00028beb       0xd7 fs/jffs2/libjffs2.a(compr_zlib.o)
 .debug_info    0x00028cc2      0xc25 fs/jffs2/libjffs2.a(mini_inflate.o)
 .debug_info    0x000298e7      0x253 rtc/librtc.a(date.o)
 .debug_info    0x00029b3a      0x6ac rtc/librtc.a(s3c24x0_rtc.o)
 .debug_info    0x0002a1e6     0x13af drivers/nand/libnand.a(nand_util.o)
 .debug_info    0x0002b595       0xe2 /opt/Boardcon/crosstools_3.4.5_softfloat/gcc-3.4.5-glibc-2.3.6/arm-linux/bin/../lib/gcc/arm-linux/3.4.5/libgcc.a(_addsubdf3.oS)
 .debug_info    0x0002b677       0xe2 /opt/Boardcon/crosstools_3.4.5_softfloat/gcc-3.4.5-glibc-2.3.6/arm-linux/bin/../lib/gcc/arm-linux/3.4.5/libgcc.a(_muldivdf3.oS)
 .debug_info    0x0002b759       0xe2 /opt/Boardcon/crosstools_3.4.5_softfloat/gcc-3.4.5-glibc-2.3.6/arm-linux/bin/../lib/gcc/arm-linux/3.4.5/libgcc.a(_fixdfsi.oS)

.debug_abbrev   0x00000000     0x8848
 .debug_abbrev  0x00000000       0x14 cpu/arm920t/start.o
 .debug_abbrev  0x00000014      0x221 modules/nand_read.module
 .debug_abbrev  0x00000235       0x14 board/EmbedSky/libEmbedSky.a(lowlevel_init.o)
 .debug_abbrev  0x00000249       0xf1 cpu/arm920t/libarm920t.a(interrupts.o)
 .debug_abbrev  0x0000033a      0x265 cpu/arm920t/s3c24x0/libs3c24x0.a(interrupts.o)
 .debug_abbrev  0x0000059f      0x147 cpu/arm920t/s3c24x0/libs3c24x0.a(speed.o)
 .debug_abbrev  0x000006e6       0x14 lib_arm/libarm.a(_udivsi3.o)
 .debug_abbrev  0x000006fa      0x20d lib_arm/libarm.a(board.o)
 .debug_abbrev  0x00000907      0x246 lib_arm/libarm.a(boot_zImage.o)
 .debug_abbrev  0x00000b4d       0x3a lib_arm/libarm.a(div0.o)
 .debug_abbrev  0x00000b87      0x2fc net/libnet.a(net.o)
 .debug_abbrev  0x00000e83      0x19e net/libnet.a(tftp.o)
 .debug_abbrev  0x00001021      0x2d4 net/libnet.a(bootp.o)
 .debug_abbrev  0x000012f5      0x108 net/libnet.a(rarp.o)
 .debug_abbrev  0x000013fd       0xac net/libnet.a(eth.o)
 .debug_abbrev  0x000014a9      0x21d drivers/libdrivers.a(dm9000x.o)
 .debug_abbrev  0x000016c6      0x18a drivers/nand/libnand.a(nand.o)
 .debug_abbrev  0x00001850      0x32a drivers/nand/libnand.a(nand_base.o)
 .debug_abbrev  0x00001b7a       0x83 drivers/nand/libnand.a(nand_ids.o)
 .debug_abbrev  0x00001bfd      0x171 drivers/nand/libnand.a(nand_ecc.o)
 .debug_abbrev  0x00001d6e      0x2b1 drivers/nand/libnand.a(nand_bbt.o)
 .debug_abbrev  0x0000201f      0x27b drivers/lcd/liblcd.a(embedsky_lcd.o)
 .debug_abbrev  0x0000229a      0x159 modules/usb.module(usbmain.o)
 .debug_abbrev  0x000023f3      0x167 modules/usb.module(usbout.o)
 .debug_abbrev  0x0000255a      0x17e modules/usb.module(usbsetup.o)
 .debug_abbrev  0x000026d8      0x23d modules/usb.module(usbinit.o)
 .debug_abbrev  0x00002915      0x183 modules/usb.module(usbin.o)
 .debug_abbrev  0x00002a98      0x140 modules/usb.module(usblib.o)
 .debug_abbrev  0x00002bd8      0x276 modules/wince.module(wince_cmds.o)
 .debug_abbrev  0x00002e4e      0x23e modules/wince.module(ebootloader.o)
 .debug_abbrev  0x0000308c      0x21a modules/wince.module(extract_wince_image.o)
 .debug_abbrev  0x000032a6      0x259 common/libcommon.a(main.o)
 .debug_abbrev  0x000034ff      0x141 common/libcommon.a(cmd_autoscript.o)
 .debug_abbrev  0x00003640      0x119 common/libcommon.a(cmd_bdinfo.o)
 .debug_abbrev  0x00003759       0xd6 common/libcommon.a(cmd_boot.o)
 .debug_abbrev  0x0000382f      0x29f common/libcommon.a(cmd_bootm.o)
 .debug_abbrev  0x00003ace       0xe5 common/libcommon.a(cmd_cache.o)
 .debug_abbrev  0x00003bb3      0x134 common/libcommon.a(cmd_console.o)
 .debug_abbrev  0x00003ce7      0x15a common/libcommon.a(cmd_date.o)
 .debug_abbrev  0x00003e41      0x178 common/libcommon.a(cmd_elf.o)
 .debug_abbrev  0x00003fb9      0x1b8 common/libcommon.a(cmd_flash.o)
 .debug_abbrev  0x00004171      0x17f common/libcommon.a(cmd_itest.o)
 .debug_abbrev  0x000042f0      0x342 common/libcommon.a(cmd_jffs2.o)
 .debug_abbrev  0x00004632      0x30a common/libcommon.a(cmd_load.o)
 .debug_abbrev  0x0000493c      0x1c0 common/libcommon.a(cmd_mem.o)
 .debug_abbrev  0x00004afc       0xc7 common/libcommon.a(cmd_misc.o)
 .debug_abbrev  0x00004bc3      0x2eb common/libcommon.a(cmd_nand.o)
 .debug_abbrev  0x00004eae      0x17b common/libcommon.a(cmd_net.o)
 .debug_abbrev  0x00005029      0x22e common/libcommon.a(cmd_nvedit.o)
 .debug_abbrev  0x00005257      0x10b common/libcommon.a(cmd_usbslave.o)
 .debug_abbrev  0x00005362      0x261 common/libcommon.a(cmd_menu.o)
 .debug_abbrev  0x000055c3      0x18b common/libcommon.a(command.o)
 .debug_abbrev  0x0000574e      0x23a common/libcommon.a(console.o)
 .debug_abbrev  0x00005988      0x15b common/libcommon.a(devices.o)
 .debug_abbrev  0x00005ae3      0x1d6 common/libcommon.a(dlmalloc.o)
 .debug_abbrev  0x00005cb9      0x149 common/libcommon.a(env_common.o)
 .debug_abbrev  0x00005e02      0x22a common/libcommon.a(env_nand.o)
 .debug_abbrev  0x0000602c       0xf3 common/libcommon.a(exports.o)
 .debug_abbrev  0x0000611f      0x116 common/libcommon.a(flash.o)
 .debug_abbrev  0x00006235      0x18e common/libcommon.a(lists.o)
 .debug_abbrev  0x000063c3       0xac common/libcommon.a(s_record.o)
 .debug_abbrev  0x0000646f      0x214 common/libcommon.a(xyzModem.o)
 .debug_abbrev  0x00006683       0xb6 common/libcommon.a(bmp2rgb.module)
 .debug_abbrev  0x00006739       0x9f common/libcommon.a(crc16.o)
 .debug_abbrev  0x000067d8       0x90 lib_generic/libgeneric.a(crc32.o)
 .debug_abbrev  0x00006868       0x42 lib_generic/libgeneric.a(ctype.o)
 .debug_abbrev  0x000068aa       0xc3 lib_generic/libgeneric.a(display_options.o)
 .debug_abbrev  0x0000696d      0x136 lib_generic/libgeneric.a(string.o)
 .debug_abbrev  0x00006aa3      0x1c5 lib_generic/libgeneric.a(vsprintf.o)
 .debug_abbrev  0x00006c68      0x271 lib_generic/libgeneric.a(zlib.o)
 .debug_abbrev  0x00006ed9      0x13b board/EmbedSky/libEmbedSky.a(EmbedSky.o)
 .debug_abbrev  0x00007014      0x18e board/EmbedSky/libEmbedSky.a(flash.o)
 .debug_abbrev  0x000071a2      0x164 cpu/arm920t/libarm920t.a(cpu.o)
 .debug_abbrev  0x00007306      0x19c cpu/arm920t/s3c24x0/libs3c24x0.a(serial.o)
 .debug_abbrev  0x000074a2      0x1ef cpu/arm920t/s3c24x0/libs3c24x0.a(nand_flash.o)
 .debug_abbrev  0x00007691       0x14 lib_arm/libarm.a(_ashldi3.o)
 .debug_abbrev  0x000076a5       0x14 lib_arm/libarm.a(_ashrdi3.o)
 .debug_abbrev  0x000076b9       0x14 lib_arm/libarm.a(_divsi3.o)
 .debug_abbrev  0x000076cd       0x14 lib_arm/libarm.a(_modsi3.o)
 .debug_abbrev  0x000076e1       0x14 lib_arm/libarm.a(_umodsi3.o)
 .debug_abbrev  0x000076f5      0x1f7 lib_arm/libarm.a(armlinux.o)
 .debug_abbrev  0x000078ec       0x4e lib_arm/libarm.a(cache.o)
 .debug_abbrev  0x0000793a      0x1ac fs/cramfs/libcramfs.a(cramfs.o)
 .debug_abbrev  0x00007ae6      0x150 fs/cramfs/libcramfs.a(uncompress.o)
 .debug_abbrev  0x00007c36      0x31a fs/jffs2/libjffs2.a(jffs2_1pass.o)
 .debug_abbrev  0x00007f50       0x9d fs/jffs2/libjffs2.a(compr_rtime.o)
 .debug_abbrev  0x00007fed       0xc4 fs/jffs2/libjffs2.a(compr_rubin.o)
 .debug_abbrev  0x000080b1       0x66 fs/jffs2/libjffs2.a(compr_zlib.o)
 .debug_abbrev  0x00008117      0x253 fs/jffs2/libjffs2.a(mini_inflate.o)
 .debug_abbrev  0x0000836a       0xdc rtc/librtc.a(date.o)
 .debug_abbrev  0x00008446      0x1c0 rtc/librtc.a(s3c24x0_rtc.o)
 .debug_abbrev  0x00008606      0x206 drivers/nand/libnand.a(nand_util.o)
 .debug_abbrev  0x0000880c       0x14 /opt/Boardcon/crosstools_3.4.5_softfloat/gcc-3.4.5-glibc-2.3.6/arm-linux/bin/../lib/gcc/arm-linux/3.4.5/libgcc.a(_addsubdf3.oS)
 .debug_abbrev  0x00008820       0x14 /opt/Boardcon/crosstools_3.4.5_softfloat/gcc-3.4.5-glibc-2.3.6/arm-linux/bin/../lib/gcc/arm-linux/3.4.5/libgcc.a(_muldivdf3.oS)
 .debug_abbrev  0x00008834       0x14 /opt/Boardcon/crosstools_3.4.5_softfloat/gcc-3.4.5-glibc-2.3.6/arm-linux/bin/../lib/gcc/arm-linux/3.4.5/libgcc.a(_fixdfsi.oS)

.debug_aranges  0x00000000      0xba0
 .debug_aranges
                0x00000000       0x20 cpu/arm920t/start.o
 .debug_aranges
                0x00000020       0x20 modules/nand_read.module
 .debug_aranges
                0x00000040       0x20 board/EmbedSky/libEmbedSky.a(lowlevel_init.o)
 .debug_aranges
                0x00000060       0x20 cpu/arm920t/libarm920t.a(interrupts.o)
 .debug_aranges
                0x00000080       0x20 cpu/arm920t/s3c24x0/libs3c24x0.a(interrupts.o)
 .debug_aranges
                0x000000a0       0x20 cpu/arm920t/s3c24x0/libs3c24x0.a(speed.o)
 .debug_aranges
                0x000000c0       0x20 lib_arm/libarm.a(_udivsi3.o)
 .debug_aranges
                0x000000e0       0x20 lib_arm/libarm.a(board.o)
 .debug_aranges
                0x00000100       0x20 lib_arm/libarm.a(boot_zImage.o)
 .debug_aranges
                0x00000120       0x20 lib_arm/libarm.a(div0.o)
 .debug_aranges
                0x00000140       0x20 net/libnet.a(net.o)
 .debug_aranges
                0x00000160       0x20 net/libnet.a(tftp.o)
 .debug_aranges
                0x00000180       0x20 net/libnet.a(bootp.o)
 .debug_aranges
                0x000001a0       0x20 net/libnet.a(rarp.o)
 .debug_aranges
                0x000001c0       0x20 net/libnet.a(eth.o)
 .debug_aranges
                0x000001e0       0x20 drivers/libdrivers.a(dm9000x.o)
 .debug_aranges
                0x00000200       0x20 drivers/nand/libnand.a(nand.o)
 .debug_aranges
                0x00000220       0x20 drivers/nand/libnand.a(nand_base.o)
 .debug_aranges
                0x00000240       0x20 drivers/nand/libnand.a(nand_ecc.o)
 .debug_aranges
                0x00000260       0x20 drivers/nand/libnand.a(nand_bbt.o)
 .debug_aranges
                0x00000280       0x20 drivers/lcd/liblcd.a(embedsky_lcd.o)
 .debug_aranges
                0x000002a0       0x20 modules/usb.module(usbmain.o)
 .debug_aranges
                0x000002c0       0x20 modules/usb.module(usbout.o)
 .debug_aranges
                0x000002e0       0x20 modules/usb.module(usbsetup.o)
 .debug_aranges
                0x00000300       0x20 modules/usb.module(usbinit.o)
 .debug_aranges
                0x00000320       0x20 modules/usb.module(usbin.o)
 .debug_aranges
                0x00000340       0x20 modules/usb.module(usblib.o)
 .debug_aranges
                0x00000360       0x20 modules/wince.module(wince_cmds.o)
 .debug_aranges
                0x00000380       0x20 modules/wince.module(ebootloader.o)
 .debug_aranges
                0x000003a0       0x20 modules/wince.module(extract_wince_image.o)
 .debug_aranges
                0x000003c0       0x20 common/libcommon.a(main.o)
 .debug_aranges
                0x000003e0       0x20 common/libcommon.a(cmd_autoscript.o)
 .debug_aranges
                0x00000400       0x20 common/libcommon.a(cmd_bdinfo.o)
 .debug_aranges
                0x00000420       0x20 common/libcommon.a(cmd_boot.o)
 .debug_aranges
                0x00000440       0x20 common/libcommon.a(cmd_bootm.o)
 .debug_aranges
                0x00000460       0x20 common/libcommon.a(cmd_cache.o)
 .debug_aranges
                0x00000480       0x20 common/libcommon.a(cmd_console.o)
 .debug_aranges
                0x000004a0       0x20 common/libcommon.a(cmd_date.o)
 .debug_aranges
                0x000004c0       0x20 common/libcommon.a(cmd_elf.o)
 .debug_aranges
                0x000004e0       0x20 common/libcommon.a(cmd_flash.o)
 .debug_aranges
                0x00000500       0x20 common/libcommon.a(cmd_itest.o)
 .debug_aranges
                0x00000520       0x20 common/libcommon.a(cmd_jffs2.o)
 .debug_aranges
                0x00000540       0x20 common/libcommon.a(cmd_load.o)
 .debug_aranges
                0x00000560       0x20 common/libcommon.a(cmd_mem.o)
 .debug_aranges
                0x00000580       0x20 common/libcommon.a(cmd_misc.o)
 .debug_aranges
                0x000005a0       0x20 common/libcommon.a(cmd_nand.o)
 .debug_aranges
                0x000005c0       0x20 common/libcommon.a(cmd_net.o)
 .debug_aranges
                0x000005e0       0x20 common/libcommon.a(cmd_nvedit.o)
 .debug_aranges
                0x00000600       0x20 common/libcommon.a(cmd_usbslave.o)
 .debug_aranges
                0x00000620       0x20 common/libcommon.a(cmd_menu.o)
 .debug_aranges
                0x00000640       0x20 common/libcommon.a(command.o)
 .debug_aranges
                0x00000660       0x20 common/libcommon.a(console.o)
 .debug_aranges
                0x00000680       0x20 common/libcommon.a(devices.o)
 .debug_aranges
                0x000006a0       0x20 common/libcommon.a(dlmalloc.o)
 .debug_aranges
                0x000006c0       0x20 common/libcommon.a(env_common.o)
 .debug_aranges
                0x000006e0       0x20 common/libcommon.a(env_nand.o)
 .debug_aranges
                0x00000700       0x20 common/libcommon.a(exports.o)
 .debug_aranges
                0x00000720       0x20 common/libcommon.a(flash.o)
 .debug_aranges
                0x00000740       0x20 common/libcommon.a(lists.o)
 .debug_aranges
                0x00000760       0x20 common/libcommon.a(s_record.o)
 .debug_aranges
                0x00000780       0x20 common/libcommon.a(xyzModem.o)
 .debug_aranges
                0x000007a0       0x20 common/libcommon.a(bmp2rgb.module)
 .debug_aranges
                0x000007c0       0x20 common/libcommon.a(crc16.o)
 .debug_aranges
                0x000007e0       0x20 lib_generic/libgeneric.a(crc32.o)
 .debug_aranges
                0x00000800       0x20 lib_generic/libgeneric.a(display_options.o)
 .debug_aranges
                0x00000820       0x20 lib_generic/libgeneric.a(string.o)
 .debug_aranges
                0x00000840       0x20 lib_generic/libgeneric.a(vsprintf.o)
 .debug_aranges
                0x00000860       0x20 lib_generic/libgeneric.a(zlib.o)
 .debug_aranges
                0x00000880       0x20 board/EmbedSky/libEmbedSky.a(EmbedSky.o)
 .debug_aranges
                0x000008a0       0x20 board/EmbedSky/libEmbedSky.a(flash.o)
 .debug_aranges
                0x000008c0       0x20 cpu/arm920t/libarm920t.a(cpu.o)
 .debug_aranges
                0x000008e0       0x20 cpu/arm920t/s3c24x0/libs3c24x0.a(serial.o)
 .debug_aranges
                0x00000900       0x20 cpu/arm920t/s3c24x0/libs3c24x0.a(nand_flash.o)
 .debug_aranges
                0x00000920       0x20 lib_arm/libarm.a(_ashldi3.o)
 .debug_aranges
                0x00000940       0x20 lib_arm/libarm.a(_ashrdi3.o)
 .debug_aranges
                0x00000960       0x20 lib_arm/libarm.a(_divsi3.o)
 .debug_aranges
                0x00000980       0x20 lib_arm/libarm.a(_modsi3.o)
 .debug_aranges
                0x000009a0       0x20 lib_arm/libarm.a(_umodsi3.o)
 .debug_aranges
                0x000009c0       0x20 lib_arm/libarm.a(armlinux.o)
 .debug_aranges
                0x000009e0       0x20 lib_arm/libarm.a(cache.o)
 .debug_aranges
                0x00000a00       0x20 fs/cramfs/libcramfs.a(cramfs.o)
 .debug_aranges
                0x00000a20       0x20 fs/cramfs/libcramfs.a(uncompress.o)
 .debug_aranges
                0x00000a40       0x20 fs/jffs2/libjffs2.a(jffs2_1pass.o)
 .debug_aranges
                0x00000a60       0x20 fs/jffs2/libjffs2.a(compr_rtime.o)
 .debug_aranges
                0x00000a80       0x20 fs/jffs2/libjffs2.a(compr_rubin.o)
 .debug_aranges
                0x00000aa0       0x20 fs/jffs2/libjffs2.a(compr_zlib.o)
 .debug_aranges
                0x00000ac0       0x20 fs/jffs2/libjffs2.a(mini_inflate.o)
 .debug_aranges
                0x00000ae0       0x20 rtc/librtc.a(date.o)
 .debug_aranges
                0x00000b00       0x20 rtc/librtc.a(s3c24x0_rtc.o)
 .debug_aranges
                0x00000b20       0x20 drivers/nand/libnand.a(nand_util.o)
 .debug_aranges
                0x00000b40       0x20 /opt/Boardcon/crosstools_3.4.5_softfloat/gcc-3.4.5-glibc-2.3.6/arm-linux/bin/../lib/gcc/arm-linux/3.4.5/libgcc.a(_addsubdf3.oS)
 .debug_aranges
                0x00000b60       0x20 /opt/Boardcon/crosstools_3.4.5_softfloat/gcc-3.4.5-glibc-2.3.6/arm-linux/bin/../lib/gcc/arm-linux/3.4.5/libgcc.a(_muldivdf3.oS)
 .debug_aranges
                0x00000b80       0x20 /opt/Boardcon/crosstools_3.4.5_softfloat/gcc-3.4.5-glibc-2.3.6/arm-linux/bin/../lib/gcc/arm-linux/3.4.5/libgcc.a(_fixdfsi.oS)

.debug_frame    0x00000000     0x4250
 .debug_frame   0x00000000      0x148 modules/nand_read.module
 .debug_frame   0x00000148      0x110 cpu/arm920t/libarm920t.a(interrupts.o)
 .debug_frame   0x00000258      0x1cc cpu/arm920t/s3c24x0/libs3c24x0.a(interrupts.o)
 .debug_frame   0x00000424       0x7c cpu/arm920t/s3c24x0/libs3c24x0.a(speed.o)
 .debug_frame   0x000004a0       0x8c lib_arm/libarm.a(board.o)
 .debug_frame   0x0000052c       0xb4 lib_arm/libarm.a(boot_zImage.o)
 .debug_frame   0x000005e0       0x20 lib_arm/libarm.a(div0.o)
 .debug_frame   0x00000600      0x2c0 net/libnet.a(net.o)
 .debug_frame   0x000008c0       0x8c net/libnet.a(tftp.o)
 .debug_frame   0x0000094c       0xf8 net/libnet.a(bootp.o)
 .debug_frame   0x00000a44       0x60 net/libnet.a(rarp.o)
 .debug_frame   0x00000aa4       0x20 net/libnet.a(eth.o)
 .debug_frame   0x00000ac4       0xf4 drivers/libdrivers.a(dm9000x.o)
 .debug_frame   0x00000bb8       0x28 drivers/nand/libnand.a(nand.o)
 .debug_frame   0x00000be0      0x460 drivers/nand/libnand.a(nand_base.o)
 .debug_frame   0x00001040       0x54 drivers/nand/libnand.a(nand_ecc.o)
 .debug_frame   0x00001094      0x1a0 drivers/nand/libnand.a(nand_bbt.o)
 .debug_frame   0x00001234      0x1a8 drivers/lcd/liblcd.a(embedsky_lcd.o)
 .debug_frame   0x000013dc       0x70 modules/usb.module(usbmain.o)
 .debug_frame   0x0000144c       0x80 modules/usb.module(usbout.o)
 .debug_frame   0x000014cc       0x70 modules/usb.module(usbsetup.o)
 .debug_frame   0x0000153c      0x128 modules/usb.module(usbinit.o)
 .debug_frame   0x00001664       0x48 modules/usb.module(usbin.o)
 .debug_frame   0x000016ac       0xd0 modules/usb.module(usblib.o)
 .debug_frame   0x0000177c       0xd8 modules/wince.module(wince_cmds.o)